Archive member included because of file (symbol)

/opt/altera/13.0sp1/nios2eds/bin/gnu/H-i686-pc-linux-gnu/bin/../lib/gcc/nios2-elf/4.1.2/mno-hw-mul/libgcc.a(_mul_sf.o)
                              obj/default/cruise_skeleton.o (__mulsf3)
/opt/altera/13.0sp1/nios2eds/bin/gnu/H-i686-pc-linux-gnu/bin/../lib/gcc/nios2-elf/4.1.2/mno-hw-mul/libgcc.a(_div_sf.o)
                              obj/default/cruise_skeleton.o (__divsf3)
/opt/altera/13.0sp1/nios2eds/bin/gnu/H-i686-pc-linux-gnu/bin/../lib/gcc/nios2-elf/4.1.2/mno-hw-mul/libgcc.a(_si_to_sf.o)
                              obj/default/cruise_skeleton.o (__floatsisf)
/opt/altera/13.0sp1/nios2eds/bin/gnu/H-i686-pc-linux-gnu/bin/../lib/gcc/nios2-elf/4.1.2/mno-hw-mul/libgcc.a(_sf_to_si.o)
                              obj/default/cruise_skeleton.o (__fixsfsi)
/opt/altera/13.0sp1/nios2eds/bin/gnu/H-i686-pc-linux-gnu/bin/../lib/gcc/nios2-elf/4.1.2/mno-hw-mul/libgcc.a(_thenan_sf.o)
                              /opt/altera/13.0sp1/nios2eds/bin/gnu/H-i686-pc-linux-gnu/bin/../lib/gcc/nios2-elf/4.1.2/mno-hw-mul/libgcc.a(_mul_sf.o) (__thenan_sf)
/opt/altera/13.0sp1/nios2eds/bin/gnu/H-i686-pc-linux-gnu/bin/../lib/gcc/nios2-elf/4.1.2/mno-hw-mul/libgcc.a(_addsub_df.o)
                              obj/default/cruise_skeleton.o (__adddf3)
/opt/altera/13.0sp1/nios2eds/bin/gnu/H-i686-pc-linux-gnu/bin/../lib/gcc/nios2-elf/4.1.2/mno-hw-mul/libgcc.a(_div_df.o)
                              obj/default/cruise_skeleton.o (__divdf3)
/opt/altera/13.0sp1/nios2eds/bin/gnu/H-i686-pc-linux-gnu/bin/../lib/gcc/nios2-elf/4.1.2/mno-hw-mul/libgcc.a(_si_to_df.o)
                              obj/default/cruise_skeleton.o (__floatsidf)
/opt/altera/13.0sp1/nios2eds/bin/gnu/H-i686-pc-linux-gnu/bin/../lib/gcc/nios2-elf/4.1.2/mno-hw-mul/libgcc.a(_df_to_si.o)
                              obj/default/cruise_skeleton.o (__fixdfsi)
/opt/altera/13.0sp1/nios2eds/bin/gnu/H-i686-pc-linux-gnu/bin/../lib/gcc/nios2-elf/4.1.2/mno-hw-mul/libgcc.a(_thenan_df.o)
                              /opt/altera/13.0sp1/nios2eds/bin/gnu/H-i686-pc-linux-gnu/bin/../lib/gcc/nios2-elf/4.1.2/mno-hw-mul/libgcc.a(_addsub_df.o) (__thenan_df)
/opt/altera/13.0sp1/nios2eds/bin/gnu/H-i686-pc-linux-gnu/bin/../lib/gcc/nios2-elf/4.1.2/mno-hw-mul/libgcc.a(lib2-divmod.o)
                              obj/default/cruise_skeleton.o (__divsi3)
/opt/altera/13.0sp1/nios2eds/bin/gnu/H-i686-pc-linux-gnu/bin/../lib/gcc/nios2-elf/4.1.2/mno-hw-mul/libgcc.a(lib2-mul.o)
                              obj/default/cruise_skeleton.o (__mulsi3)
/opt/altera/13.0sp1/nios2eds/bin/gnu/H-i686-pc-linux-gnu/bin/../lib/gcc/nios2-elf/4.1.2/mno-hw-mul/libgcc.a(_muldi3.o)
                              /opt/altera/13.0sp1/nios2eds/bin/gnu/H-i686-pc-linux-gnu/bin/../lib/gcc/nios2-elf/4.1.2/mno-hw-mul/libgcc.a(_mul_sf.o) (__muldi3)
/opt/altera/13.0sp1/nios2eds/bin/gnu/H-i686-pc-linux-gnu/bin/../lib/gcc/nios2-elf/4.1.2/mno-hw-mul/libgcc.a(_clzsi2.o)
                              /opt/altera/13.0sp1/nios2eds/bin/gnu/H-i686-pc-linux-gnu/bin/../lib/gcc/nios2-elf/4.1.2/mno-hw-mul/libgcc.a(_si_to_sf.o) (__clzsi2)
/opt/altera/13.0sp1/nios2eds/bin/gnu/H-i686-pc-linux-gnu/bin/../lib/gcc/nios2-elf/4.1.2/mno-hw-mul/libgcc.a(_pack_sf.o)
                              /opt/altera/13.0sp1/nios2eds/bin/gnu/H-i686-pc-linux-gnu/bin/../lib/gcc/nios2-elf/4.1.2/mno-hw-mul/libgcc.a(_mul_sf.o) (__pack_f)
/opt/altera/13.0sp1/nios2eds/bin/gnu/H-i686-pc-linux-gnu/bin/../lib/gcc/nios2-elf/4.1.2/mno-hw-mul/libgcc.a(_unpack_sf.o)
                              /opt/altera/13.0sp1/nios2eds/bin/gnu/H-i686-pc-linux-gnu/bin/../lib/gcc/nios2-elf/4.1.2/mno-hw-mul/libgcc.a(_mul_sf.o) (__unpack_f)
/opt/altera/13.0sp1/nios2eds/bin/gnu/H-i686-pc-linux-gnu/bin/../lib/gcc/nios2-elf/4.1.2/mno-hw-mul/libgcc.a(_pack_df.o)
                              /opt/altera/13.0sp1/nios2eds/bin/gnu/H-i686-pc-linux-gnu/bin/../lib/gcc/nios2-elf/4.1.2/mno-hw-mul/libgcc.a(_addsub_df.o) (__pack_d)
/opt/altera/13.0sp1/nios2eds/bin/gnu/H-i686-pc-linux-gnu/bin/../lib/gcc/nios2-elf/4.1.2/mno-hw-mul/libgcc.a(_unpack_df.o)
                              /opt/altera/13.0sp1/nios2eds/bin/gnu/H-i686-pc-linux-gnu/bin/../lib/gcc/nios2-elf/4.1.2/mno-hw-mul/libgcc.a(_addsub_df.o) (__unpack_d)
/opt/altera/13.0sp1/nios2eds/bin/gnu/H-i686-pc-linux-gnu/bin/../lib/gcc/nios2-elf/4.1.2/mno-hw-mul/libgcc.a(_clz.o)
                              /opt/altera/13.0sp1/nios2eds/bin/gnu/H-i686-pc-linux-gnu/bin/../lib/gcc/nios2-elf/4.1.2/mno-hw-mul/libgcc.a(_clzsi2.o) (__clz_tab)
/opt/altera/13.0sp1/nios2eds/bin/gnu/H-i686-pc-linux-gnu/bin/../lib/gcc/nios2-elf/4.1.2/../../../../nios2-elf/lib/mno-hw-mul/libc.a(lib_a-printf.o)
                              obj/default/cruise_skeleton.o (printf)
/opt/altera/13.0sp1/nios2eds/bin/gnu/H-i686-pc-linux-gnu/bin/../lib/gcc/nios2-elf/4.1.2/../../../../nios2-elf/lib/mno-hw-mul/libc.a(lib_a-puts.o)
                              obj/default/cruise_skeleton.o (puts)
[...]
Memory Configuration

Name             Origin             Length             Attributes
onchip_memory    0x00000000         0x00006400
sram             0x00100000         0x00080000
reset            0x01000000         0x00000020
sdram            0x01000020         0x007fffe0
*default*        0x00000000         0xffffffff

Linker script and memory map

LOAD ../bsp//obj/HAL/src/crt0.o
LOAD obj/default/cruise_skeleton.o
LOAD /opt/altera/13.0sp1/nios2eds/bin/gnu/H-i686-pc-linux-gnu/bin/../lib/gcc/nios2-elf/4.1.2/../../../../nios2-elf/lib/mno-hw-mul/libstdc++.a
LOAD /opt/altera/13.0sp1/nios2eds/bin/gnu/H-i686-pc-linux-gnu/bin/../lib/gcc/nios2-elf/4.1.2/../../../../nios2-elf/lib/mno-hw-mul/libm.a
LOAD /opt/altera/13.0sp1/nios2eds/bin/gnu/H-i686-pc-linux-gnu/bin/../lib/gcc/nios2-elf/4.1.2/mno-hw-mul/libgcc.a
START GROUP
LOAD /opt/altera/13.0sp1/nios2eds/bin/gnu/H-i686-pc-linux-gnu/bin/../lib/gcc/nios2-elf/4.1.2/../../../../nios2-elf/lib/mno-hw-mul/libc.a
LOAD /opt/altera/13.0sp1/nios2eds/bin/gnu/H-i686-pc-linux-gnu/bin/../lib/gcc/nios2-elf/4.1.2/mno-hw-mul/libgcc.a
LOAD ../bsp//libucosii_bsp.a
END GROUP
LOAD /opt/altera/13.0sp1/nios2eds/bin/gnu/H-i686-pc-linux-gnu/bin/../lib/gcc/nios2-elf/4.1.2/mno-hw-mul/libgcc.a
                0x00000000                __alt_mem_onchip_memory = 0x0
                0x00100000                __alt_mem_sram = 0x100000
                0x01000000                __alt_mem_sdram = 0x1000000

.entry          0x01000000       0x20
 *(.entry)
 .entry         0x01000000       0x20 ../bsp//obj/HAL/src/crt0.o
                0x01000000                __reset

.exceptions     0x01000020      0x124 load address 0x00100000
                0x01000020                PROVIDE (__ram_exceptions_start, ABSOLUTE (.))
                0x01000020                . = ALIGN (0x20)
 *(.irq)
 *(.exceptions.entry.label)
 .exceptions.entry.label
                0x01000020        0x0 ../bsp//libucosii_bsp.a(alt_irq_entry.o)
                0x01000020                alt_irq_entry
 .exceptions.entry.label
                0x01000020        0x0 ../bsp//libucosii_bsp.a(alt_exception_entry.o)
                0x01000020                alt_exception
 *(.exceptions.entry.user)
 *(.exceptions.entry)
 .exceptions.entry
                0x01000020       0x54 ../bsp//libucosii_bsp.a(alt_exception_entry.o)
 *(.exceptions.irqtest.user)
 *(.exceptions.irqtest)
 .exceptions.irqtest
                0x01000074       0x10 ../bsp//libucosii_bsp.a(alt_irq_entry.o)
 *(.exceptions.irqhandler.user)
 *(.exceptions.irqhandler)
 .exceptions.irqhandler
                0x01000084        0x4 ../bsp//libucosii_bsp.a(alt_irq_entry.o)
 *(.exceptions.irqreturn.user)
 *(.exceptions.irqreturn)
 .exceptions.irqreturn
                0x01000088        0x4 ../bsp//libucosii_bsp.a(alt_irq_entry.o)
 *(.exceptions.notirq.label)
 .exceptions.notirq.label
                0x0100008c        0x0 ../bsp//libucosii_bsp.a(alt_irq_entry.o)
 *(.exceptions.notirq.user)
 *(.exceptions.notirq)
 .exceptions.notirq
                0x0100008c        0x8 ../bsp//libucosii_bsp.a(alt_exception_entry.o)
 *(.exceptions.soft.user)
 *(.exceptions.soft)
 *(.exceptions.unknown.user)
 *(.exceptions.unknown)
 .exceptions.unknown
                0x01000094        0x4 ../bsp//libucosii_bsp.a(alt_exception_entry.o)
 *(.exceptions.exit.label)
 .exceptions.exit.label
                0x01000098        0x0 ../bsp//libucosii_bsp.a(alt_irq_entry.o)
 .exceptions.exit.label
                0x01000098        0x0 ../bsp//libucosii_bsp.a(alt_exception_entry.o)
 *(.exceptions.exit.user)
 *(.exceptions.exit)
 .exceptions.exit
                0x01000098       0x54 ../bsp//libucosii_bsp.a(alt_exception_entry.o)
 *(.exceptions)
 .exceptions    0x010000ec       0x58 ../bsp//libucosii_bsp.a(alt_irq_handler.o)
                0x010000ec                alt_irq_handler
                0x01000144                PROVIDE (__ram_exceptions_end, ABSOLUTE (.))
                0x00100000                PROVIDE (__flash_exceptions_start, LOADADDR (.exceptions))

.text           0x00100124    0x12cb0
                0x00100124                PROVIDE (stext, ABSOLUTE (.))
 *(.interp)
 *(.hash)
 *(.dynsym)
 *(.dynstr)
 *(.gnu.version)
 *(.gnu.version_d)
 *(.gnu.version_r)
 *(.rel.init)
 *(.rela.init)
 *(.rel.text .rel.text.* .rel.gnu.linkonce.t.*)
 *(.rela.text .rela.text.* .rela.gnu.linkonce.t.*)
 *(.rel.fini)
 *(.rela.fini)
 *(.rel.rodata .rel.rodata.* .rel.gnu.linkonce.r.*)
 *(.rela.rodata .rela.rodata.* .rela.gnu.linkonce.r.*)
 *(.rel.data .rel.data.* .rel.gnu.linkonce.d.*)
 *(.rela.data .rela.data.* .rela.gnu.linkonce.d.*)
 *(.rel.tdata .rel.tdata.* .rel.gnu.linkonce.td.*)
 *(.rela.tdata .rela.tdata.* .rela.gnu.linkonce.td.*)
 *(.rel.tbss .rel.tbss.* .rel.gnu.linkonce.tb.*)
 *(.rela.tbss .rela.tbss.* .rela.gnu.linkonce.tb.*)
 *(.rel.ctors)
 *(.rela.ctors)
 *(.rel.dtors)
 *(.rela.dtors)
 *(.rel.got)
 *(.rela.got)
 *(.rel.sdata .rel.sdata.* .rel.gnu.linkonce.s.*)
 *(.rela.sdata .rela.sdata.* .rela.gnu.linkonce.s.*)
 *(.rel.sbss .rel.sbss.* .rel.gnu.linkonce.sb.*)
 *(.rela.sbss .rela.sbss.* .rela.gnu.linkonce.sb.*)
 *(.rel.sdata2 .rel.sdata2.* .rel.gnu.linkonce.s2.*)
 *(.rela.sdata2 .rela.sdata2.* .rela.gnu.linkonce.s2.*)
 *(.rel.sbss2 .rel.sbss2.* .rel.gnu.linkonce.sb2.*)
 *(.rela.sbss2 .rela.sbss2.* .rela.gnu.linkonce.sb2.*)
 *(.rel.bss .rel.bss.* .rel.gnu.linkonce.b.*)
 *(.rela.bss .rela.bss.* .rela.gnu.linkonce.b.*)
 *(.rel.plt)
 *(.rela.plt)
 *(.rel.dyn)
 *(.init)
 *(.plt)
 *(.text .stub .text.* .gnu.linkonce.t.*)
 .text          0x00100124       0x3c ../bsp//obj/HAL/src/crt0.o
                0x00100124                _start
 .text          0x00100160     0x14f8 obj/default/cruise_skeleton.o
                0x00100160                vehicle_callback
                0x00100194                control_callback
                0x001001c8                button_callback
                0x001001fc                switch_callback
                0x00100230                watchdog_callback
                0x00100264                overload_callback
                0x00100298                overloadmaker_callback
                0x001002cc                buttons_pressed
                0x001002f4                switches_pressed
                0x00100318                alarm_handler
                0x00100348                int2seven
                0x00100384                show_velocity_on_sevenseg
                0x00100474                show_target_velocity
                0x0010053c                show_position
                0x001005e0                VehicleTask
                0x00100974                ControlTask
                0x00100c28                SwitchIOTask
                0x00100ddc                ButtonIOTask
                0x00100f14                WatchdogTask
                0x00100f6c                OverloadDetectionTask
                0x00100fc0                OverloadMaker
                0x00100ffc                StartTask
                0x001012e8                main
 .text          0x00101658      0x1e0 /opt/altera/13.0sp1/nios2eds/bin/gnu/H-i686-pc-linux-gnu/bin/../lib/gcc/nios2-elf/4.1.2/mno-hw-mul/libgcc.a(_mul_sf.o)
                0x00101658                __mulsf3
 .text          0x00101838      0x174 /opt/altera/13.0sp1/nios2eds/bin/gnu/H-i686-pc-linux-gnu/bin/../lib/gcc/nios2-elf/4.1.2/mno-hw-mul/libgcc.a(_div_sf.o)
                0x00101838                __divsf3
 .text          0x001019ac       0x98 /opt/altera/13.0sp1/nios2eds/bin/gnu/H-i686-pc-linux-gnu/bin/../lib/gcc/nios2-elf/4.1.2/mno-hw-mul/libgcc.a(_si_to_sf.o)
                0x001019ac                __floatsisf
 .text          0x00101a44       0x94 /opt/altera/13.0sp1/nios2eds/bin/gnu/H-i686-pc-linux-gnu/bin/../lib/gcc/nios2-elf/4.1.2/mno-hw-mul/libgcc.a(_sf_to_si.o)
                0x00101a44                __fixsfsi
 .text          0x00101ad8        0x0 /opt/altera/13.0sp1/nios2eds/bin/gnu/H-i686-pc-linux-gnu/bin/../lib/gcc/nios2-elf/4.1.2/mno-hw-mul/libgcc.a(_thenan_sf.o)
 .text          0x00101ad8      0x504 /opt/altera/13.0sp1/nios2eds/bin/gnu/H-i686-pc-linux-gnu/bin/../lib/gcc/nios2-elf/4.1.2/mno-hw-mul/libgcc.a(_addsub_df.o)
                0x00101ee8                __subdf3
                0x00101f68                __adddf3
 .text          0x00101fdc      0x258 /opt/altera/13.0sp1/nios2eds/bin/gnu/H-i686-pc-linux-gnu/bin/../lib/gcc/nios2-elf/4.1.2/mno-hw-mul/libgcc.a(_div_df.o)
                0x00101fdc                __divdf3
 .text          0x00102234       0xf8 /opt/altera/13.0sp1/nios2eds/bin/gnu/H-i686-pc-linux-gnu/bin/../lib/gcc/nios2-elf/4.1.2/mno-hw-mul/libgcc.a(_si_to_df.o)
                0x00102234                __floatsidf
 .text          0x0010232c       0xd8 /opt/altera/13.0sp1/nios2eds/bin/gnu/H-i686-pc-linux-gnu/bin/../lib/gcc/nios2-elf/4.1.2/mno-hw-mul/libgcc.a(_df_to_si.o)
                0x0010232c                __fixdfsi
 .text          0x00102404        0x0 /opt/altera/13.0sp1/nios2eds/bin/gnu/H-i686-pc-linux-gnu/bin/../lib/gcc/nios2-elf/4.1.2/mno-hw-mul/libgcc.a(_thenan_df.o)
 .text          0x00102404      0x14c /opt/altera/13.0sp1/nios2eds/bin/gnu/H-i686-pc-linux-gnu/bin/../lib/gcc/nios2-elf/4.1.2/mno-hw-mul/libgcc.a(lib2-divmod.o)
                0x00102480                __divsi3
                0x001024e0                __modsi3
                0x00102540                __udivsi3
                0x00102548                __umodsi3
 .text          0x00102550       0x38 /opt/altera/13.0sp1/nios2eds/bin/gnu/H-i686-pc-linux-gnu/bin/../lib/gcc/nios2-elf/4.1.2/mno-hw-mul/libgcc.a(lib2-mul.o)
                0x00102550                __mulsi3
 .text          0x00102588      0x124 /opt/altera/13.0sp1/nios2eds/bin/gnu/H-i686-pc-linux-gnu/bin/../lib/gcc/nios2-elf/4.1.2/mno-hw-mul/libgcc.a(_muldi3.o)
                0x00102588                __muldi3
 .text          0x001026ac       0x80 /opt/altera/13.0sp1/nios2eds/bin/gnu/H-i686-pc-linux-gnu/bin/../lib/gcc/nios2-elf/4.1.2/mno-hw-mul/libgcc.a(_clzsi2.o)
                0x001026ac                __clzsi2
 .text          0x0010272c      0x160 /opt/altera/13.0sp1/nios2eds/bin/gnu/H-i686-pc-linux-gnu/bin/../lib/gcc/nios2-elf/4.1.2/mno-hw-mul/libgcc.a(_pack_sf.o)
                0x0010272c                __pack_f
 .text          0x0010288c       0xc8 /opt/altera/13.0sp1/nios2eds/bin/gnu/H-i686-pc-linux-gnu/bin/../lib/gcc/nios2-elf/4.1.2/mno-hw-mul/libgcc.a(_unpack_sf.o)
                0x0010288c                __unpack_f
 .text          0x00102954      0x314 /opt/altera/13.0sp1/nios2eds/bin/gnu/H-i686-pc-linux-gnu/bin/../lib/gcc/nios2-elf/4.1.2/mno-hw-mul/libgcc.a(_pack_df.o)
                0x00102954                __pack_d
 .text          0x00102c68      0x138 /opt/altera/13.0sp1/nios2eds/bin/gnu/H-i686-pc-linux-gnu/bin/../lib/gcc/nios2-elf/4.1.2/mno-hw-mul/libgcc.a(_unpack_df.o)
                0x00102c68                __unpack_d
 .text          0x00102da0        0x0 /opt/altera/13.0sp1/nios2eds/bin/gnu/H-i686-pc-linux-gnu/bin/../lib/gcc/nios2-elf/4.1.2/mno-hw-mul/libgcc.a(_clz.o)
 .text          0x00102da0       0x78 /opt/altera/13.0sp1/nios2eds/bin/gnu/H-i686-pc-linux-gnu/bin/../lib/gcc/nios2-elf/4.1.2/../../../../nios2-elf/lib/mno-hw-mul/libc.a(lib_a-printf.o)
                0x00102da0                printf
                0x00102de4                _printf_r
 .text          0x00102e18       0xb4 /opt/altera/13.0sp1/nios2eds/bin/gnu/H-i686-pc-linux-gnu/bin/../lib/gcc/nios2-elf/4.1.2/../../../../nios2-elf/lib/mno-hw-mul/libc.a(lib_a-puts.o)
                0x00102e18                _puts_r
                0x00102eb8                puts
 .text          0x00102ecc       0x74 /opt/altera/13.0sp1/nios2eds/bin/gnu/H-i686-pc-linux-gnu/bin/../lib/gcc/nios2-elf/4.1.2/../../../../nios2-elf/lib/mno-hw-mul/libc.a(lib_a-strlen.o)
                0x00102ecc                strlen
 .text          0x00102f40     0x1f40 /opt/altera/13.0sp1/nios2eds/bin/gnu/H-i686-pc-linux-gnu/bin/../lib/gcc/nios2-elf/4.1.2/../../../../nios2-elf/lib/mno-hw-mul/libc.a(lib_a-vfprintf.o)
                0x00102f98                ___vfprintf_internal_r
                0x00104e5c                __vfprintf_internal
 .text          0x00104e80      0x13c /opt/altera/13.0sp1/nios2eds/bin/gnu/H-i686-pc-linux-gnu/bin/../lib/gcc/nios2-elf/4.1.2/../../../../nios2-elf/lib/mno-hw-mul/libc.a(lib_a-wsetup.o)
                0x00104e80                __swsetup_r
 .text          0x00104fbc     0x17f8 /opt/altera/13.0sp1/nios2eds/bin/gnu/H-i686-pc-linux-gnu/bin/../lib/gcc/nios2-elf/4.1.2/../../../../nios2-elf/lib/mno-hw-mul/libc.a(lib_a-dtoa.o)
                0x00105200                _dtoa_r
 .text          0x001067b4      0x230 /opt/altera/13.0sp1/nios2eds/bin/gnu/H-i686-pc-linux-gnu/bin/../lib/gcc/nios2-elf/4.1.2/../../../../nios2-elf/lib/mno-hw-mul/libc.a(lib_a-fflush.o)
                0x001067b4                _fflush_r
                0x001069b0                fflush
 .text          0x001069e4      0x2f4 /opt/altera/13.0sp1/nios2eds/bin/gnu/H-i686-pc-linux-gnu/bin/../lib/gcc/nios2-elf/4.1.2/../../../../nios2-elf/lib/mno-hw-mul/libc.a(lib_a-findfp.o)
                0x00106a3c                __sfp_lock_acquire
                0x00106a40                __sfp_lock_release
                0x00106a44                __sinit_lock_acquire
                0x00106a48                __sinit_lock_release
                0x00106a4c                __sinit
                0x00106b00                __fp_unlock_all
                0x00106b18                __fp_lock_all
                0x00106b30                _cleanup_r
                0x00106b3c                _cleanup
                0x00106b4c                __sfmoreglue
                0x00106be8                __sfp
 .text          0x00106cd8      0x440 /opt/altera/13.0sp1/nios2eds/bin/gnu/H-i686-pc-linux-gnu/bin/../lib/gcc/nios2-elf/4.1.2/../../../../nios2-elf/lib/mno-hw-mul/libc.a(lib_a-freer.o)
                0x00106cd8                _malloc_trim_r
                0x00106e04                _free_r
 .text          0x00107118      0x49c /opt/altera/13.0sp1/nios2eds/bin/gnu/H-i686-pc-linux-gnu/bin/../lib/gcc/nios2-elf/4.1.2/../../../../nios2-elf/lib/mno-hw-mul/libc.a(lib_a-fvwrite.o)
                0x00107118                __sfvwrite_r
 .text          0x001075b4      0x180 /opt/altera/13.0sp1/nios2eds/bin/gnu/H-i686-pc-linux-gnu/bin/../lib/gcc/nios2-elf/4.1.2/../../../../nios2-elf/lib/mno-hw-mul/libc.a(lib_a-fwalk.o)
                0x001075b4                _fwalk_reent
                0x0010767c                _fwalk
 .text          0x00107734        0x0 /opt/altera/13.0sp1/nios2eds/bin/gnu/H-i686-pc-linux-gnu/bin/../lib/gcc/nios2-elf/4.1.2/../../../../nios2-elf/lib/mno-hw-mul/libc.a(lib_a-impure.o)
 .text          0x00107734       0xc4 /opt/altera/13.0sp1/nios2eds/bin/gnu/H-i686-pc-linux-gnu/bin/../lib/gcc/nios2-elf/4.1.2/../../../../nios2-elf/lib/mno-hw-mul/libc.a(lib_a-locale.o)
                0x00107734                __locale_charset
                0x0010773c                _localeconv_r
                0x00107748                localeconv
                0x00107758                _setlocale_r
                0x001077dc                setlocale
 .text          0x001077f8      0x194 /opt/altera/13.0sp1/nios2eds/bin/gnu/H-i686-pc-linux-gnu/bin/../lib/gcc/nios2-elf/4.1.2/../../../../nios2-elf/lib/mno-hw-mul/libc.a(lib_a-makebuf.o)
                0x001077f8                __smakebuf_r
 .text          0x0010798c      0x740 /opt/altera/13.0sp1/nios2eds/bin/gnu/H-i686-pc-linux-gnu/bin/../lib/gcc/nios2-elf/4.1.2/../../../../nios2-elf/lib/mno-hw-mul/libc.a(lib_a-mallocr.o)
                0x0010798c                _malloc_r
 .text          0x001080cc       0xe4 /opt/altera/13.0sp1/nios2eds/bin/gnu/H-i686-pc-linux-gnu/bin/../lib/gcc/nios2-elf/4.1.2/../../../../nios2-elf/lib/mno-hw-mul/libc.a(lib_a-memchr.o)
                0x001080cc                memchr
 .text          0x001081b0       0xa0 /opt/altera/13.0sp1/nios2eds/bin/gnu/H-i686-pc-linux-gnu/bin/../lib/gcc/nios2-elf/4.1.2/../../../../nios2-elf/lib/mno-hw-mul/libc.a(lib_a-memcpy.o)
                0x001081b0                memcpy
 .text          0x00108250       0xe0 /opt/altera/13.0sp1/nios2eds/bin/gnu/H-i686-pc-linux-gnu/bin/../lib/gcc/nios2-elf/4.1.2/../../../../nios2-elf/lib/mno-hw-mul/libc.a(lib_a-memmove.o)
                0x00108250                memmove
 .text          0x00108330       0x98 /opt/altera/13.0sp1/nios2eds/bin/gnu/H-i686-pc-linux-gnu/bin/../lib/gcc/nios2-elf/4.1.2/../../../../nios2-elf/lib/mno-hw-mul/libc.a(lib_a-memset.o)
                0x00108330                memset
 .text          0x001083c8     0x108c /opt/altera/13.0sp1/nios2eds/bin/gnu/H-i686-pc-linux-gnu/bin/../lib/gcc/nios2-elf/4.1.2/../../../../nios2-elf/lib/mno-hw-mul/libc.a(lib_a-mprec.o)
                0x001083c8                _Bfree
                0x001083f0                __hi0bits
                0x00108460                __lo0bits
                0x00108524                __mcmp
                0x00108584                __ulp
                0x00108604                __b2d
                0x00108724                __ratio
                0x001087d4                _mprec_log10
                0x00108868                __copybits
                0x001088c0                __any_on
                0x00108948                _Balloc
                0x00108a04                __d2b
                0x00108b80                __mdiff
                0x00108d0c                __lshift
                0x00108e58                __multiply
                0x001090ac                __i2b
                0x001090e8                __multadd
                0x00109214                __pow5mult
                0x00109334                __s2b
 .text          0x00109454      0x5f4 /opt/altera/13.0sp1/nios2eds/bin/gnu/H-i686-pc-linux-gnu/bin/../lib/gcc/nios2-elf/4.1.2/../../../../nios2-elf/lib/mno-hw-mul/libc.a(lib_a-reallocr.o)
                0x00109454                _realloc_r
 .text          0x00109a48       0x40 /opt/altera/13.0sp1/nios2eds/bin/gnu/H-i686-pc-linux-gnu/bin/../lib/gcc/nios2-elf/4.1.2/../../../../nios2-elf/lib/mno-hw-mul/libc.a(lib_a-s_isinfd.o)
                0x00109a48                __isinfd
 .text          0x00109a88       0x30 /opt/altera/13.0sp1/nios2eds/bin/gnu/H-i686-pc-linux-gnu/bin/../lib/gcc/nios2-elf/4.1.2/../../../../nios2-elf/lib/mno-hw-mul/libc.a(lib_a-s_isnand.o)
                0x00109a88                __isnand
 .text          0x00109ab8       0x70 /opt/altera/13.0sp1/nios2eds/bin/gnu/H-i686-pc-linux-gnu/bin/../lib/gcc/nios2-elf/4.1.2/../../../../nios2-elf/lib/mno-hw-mul/libc.a(lib_a-sbrkr.o)
                0x00109ab8                _sbrk_r
 .text          0x00109b28      0x14c /opt/altera/13.0sp1/nios2eds/bin/gnu/H-i686-pc-linux-gnu/bin/../lib/gcc/nios2-elf/4.1.2/../../../../nios2-elf/lib/mno-hw-mul/libc.a(lib_a-stdio.o)
                0x00109b28                __sclose
                0x00109b30                __sseek
                0x00109b98                __swrite
                0x00109c14                __sread
 .text          0x00109c74       0xbc /opt/altera/13.0sp1/nios2eds/bin/gnu/H-i686-pc-linux-gnu/bin/../lib/gcc/nios2-elf/4.1.2/../../../../nios2-elf/lib/mno-hw-mul/libc.a(lib_a-strcmp.o)
                0x00109c74                strcmp
 .text          0x00109d30       0x78 /opt/altera/13.0sp1/nios2eds/bin/gnu/H-i686-pc-linux-gnu/bin/../lib/gcc/nios2-elf/4.1.2/../../../../nios2-elf/lib/mno-hw-mul/libc.a(lib_a-writer.o)
                0x00109d30                _write_r
 .text          0x00109da8       0xc8 /opt/altera/13.0sp1/nios2eds/bin/gnu/H-i686-pc-linux-gnu/bin/../lib/gcc/nios2-elf/4.1.2/../../../../nios2-elf/lib/mno-hw-mul/libc.a(lib_a-callocr.o)
                0x00109da8                _calloc_r
 .text          0x00109e70       0x70 /opt/altera/13.0sp1/nios2eds/bin/gnu/H-i686-pc-linux-gnu/bin/../lib/gcc/nios2-elf/4.1.2/../../../../nios2-elf/lib/mno-hw-mul/libc.a(lib_a-closer.o)
                0x00109e70                _close_r
 .text          0x00109ee0      0x124 /opt/altera/13.0sp1/nios2eds/bin/gnu/H-i686-pc-linux-gnu/bin/../lib/gcc/nios2-elf/4.1.2/../../../../nios2-elf/lib/mno-hw-mul/libc.a(lib_a-fclose.o)
                0x00109ee0                _fclose_r
                0x00109ff0                fclose
 .text          0x0010a004       0x74 /opt/altera/13.0sp1/nios2eds/bin/gnu/H-i686-pc-linux-gnu/bin/../lib/gcc/nios2-elf/4.1.2/../../../../nios2-elf/lib/mno-hw-mul/libc.a(lib_a-fstatr.o)
                0x0010a004                _fstat_r
 .text          0x0010a078        0x0 /opt/altera/13.0sp1/nios2eds/bin/gnu/H-i686-pc-linux-gnu/bin/../lib/gcc/nios2-elf/4.1.2/../../../../nios2-elf/lib/mno-hw-mul/libc.a(lib_a-int_errno.o)
 .text          0x0010a078       0x70 /opt/altera/13.0sp1/nios2eds/bin/gnu/H-i686-pc-linux-gnu/bin/../lib/gcc/nios2-elf/4.1.2/../../../../nios2-elf/lib/mno-hw-mul/libc.a(lib_a-isattyr.o)
                0x0010a078                _isatty_r
 .text          0x0010a0e8       0x78 /opt/altera/13.0sp1/nios2eds/bin/gnu/H-i686-pc-linux-gnu/bin/../lib/gcc/nios2-elf/4.1.2/../../../../nios2-elf/lib/mno-hw-mul/libc.a(lib_a-lseekr.o)
                0x0010a0e8                _lseek_r
 .text          0x0010a160       0x78 /opt/altera/13.0sp1/nios2eds/bin/gnu/H-i686-pc-linux-gnu/bin/../lib/gcc/nios2-elf/4.1.2/../../../../nios2-elf/lib/mno-hw-mul/libc.a(lib_a-readr.o)
                0x0010a160                _read_r
 .text          0x0010a1d8      0x66c /opt/altera/13.0sp1/nios2eds/bin/gnu/H-i686-pc-linux-gnu/bin/../lib/gcc/nios2-elf/4.1.2/mno-hw-mul/libgcc.a(_udivdi3.o)
                0x0010a1d8                __udivdi3
 .text          0x0010a844      0x660 /opt/altera/13.0sp1/nios2eds/bin/gnu/H-i686-pc-linux-gnu/bin/../lib/gcc/nios2-elf/4.1.2/mno-hw-mul/libgcc.a(_umoddi3.o)
                0x0010a844                __umoddi3
 .text          0x0010aea4      0x3c4 /opt/altera/13.0sp1/nios2eds/bin/gnu/H-i686-pc-linux-gnu/bin/../lib/gcc/nios2-elf/4.1.2/mno-hw-mul/libgcc.a(_mul_df.o)
                0x0010aea4                __muldf3
 .text          0x0010b268       0x88 /opt/altera/13.0sp1/nios2eds/bin/gnu/H-i686-pc-linux-gnu/bin/../lib/gcc/nios2-elf/4.1.2/mno-hw-mul/libgcc.a(_eq_df.o)
                0x0010b268                __eqdf2
 .text          0x0010b2f0       0x88 /opt/altera/13.0sp1/nios2eds/bin/gnu/H-i686-pc-linux-gnu/bin/../lib/gcc/nios2-elf/4.1.2/mno-hw-mul/libgcc.a(_ne_df.o)
                0x0010b2f0                __nedf2
 .text          0x0010b378       0x88 /opt/altera/13.0sp1/nios2eds/bin/gnu/H-i686-pc-linux-gnu/bin/../lib/gcc/nios2-elf/4.1.2/mno-hw-mul/libgcc.a(_gt_df.o)
                0x0010b378                __gtdf2
 .text          0x0010b400       0x88 /opt/altera/13.0sp1/nios2eds/bin/gnu/H-i686-pc-linux-gnu/bin/../lib/gcc/nios2-elf/4.1.2/mno-hw-mul/libgcc.a(_ge_df.o)
                0x0010b400                __gedf2
 .text          0x0010b488       0x88 /opt/altera/13.0sp1/nios2eds/bin/gnu/H-i686-pc-linux-gnu/bin/../lib/gcc/nios2-elf/4.1.2/mno-hw-mul/libgcc.a(_lt_df.o)
                0x0010b488                __ltdf2
 .text          0x0010b510      0x194 /opt/altera/13.0sp1/nios2eds/bin/gnu/H-i686-pc-linux-gnu/bin/../lib/gcc/nios2-elf/4.1.2/mno-hw-mul/libgcc.a(_usi_to_df.o)
                0x0010b510                __floatunsidf
 .text          0x0010b6a4       0xc8 /opt/altera/13.0sp1/nios2eds/bin/gnu/H-i686-pc-linux-gnu/bin/../lib/gcc/nios2-elf/4.1.2/mno-hw-mul/libgcc.a(_fpcmp_parts_df.o)
                0x0010b6a4                __fpcmp_parts_d
 .text          0x0010b76c       0x90 ../bsp//libucosii_bsp.a(alt_alarm_start.o)
                0x0010b76c                alt_alarm_start
 .text          0x0010b7fc       0xbc ../bsp//libucosii_bsp.a(alt_close.o)
                0x0010b81c                close
 .text          0x0010b8b8        0x8 ../bsp//libucosii_bsp.a(alt_dev.o)
 .text          0x0010b8c0        0x0 ../bsp//libucosii_bsp.a(alt_errno.o)
 .text          0x0010b8c0       0x9c ../bsp//libucosii_bsp.a(alt_fstat.o)
                0x0010b8c0                fstat
 .text          0x0010b95c       0x94 ../bsp//libucosii_bsp.a(alt_isatty.o)
                0x0010b95c                isatty
 .text          0x0010b9f0       0x8c ../bsp//libucosii_bsp.a(alt_load.o)
                0x0010ba10                alt_load
 .text          0x0010ba7c       0xb8 ../bsp//libucosii_bsp.a(alt_lseek.o)
                0x0010ba7c                lseek
 .text          0x0010bb34       0xa8 ../bsp//libucosii_bsp.a(alt_main.o)
                0x0010bb34                alt_main
 .text          0x0010bbdc       0xd8 ../bsp//libucosii_bsp.a(alt_read.o)
                0x0010bbfc                read
 .text          0x0010bcb4       0x5c ../bsp//libucosii_bsp.a(alt_release_fd.o)
                0x0010bcb4                alt_release_fd
 .text          0x0010bd10       0x50 ../bsp//libucosii_bsp.a(alt_sbrk.o)
                0x0010bd10                sbrk
 .text          0x0010bd60       0xe0 ../bsp//libucosii_bsp.a(alt_tick.o)
                0x0010bd60                alt_alarm_stop
                0x0010bd94                alt_tick
 .text          0x0010be40       0xd4 ../bsp//libucosii_bsp.a(alt_write.o)
                0x0010be60                write
 .text          0x0010bf14       0xa8 ../bsp//libucosii_bsp.a(alt_env_lock.o)
                0x0010bf14                __env_unlock
                0x0010bf3c                __env_lock
 .text          0x0010bfbc      0x110 ../bsp//libucosii_bsp.a(alt_malloc_lock.o)
                0x0010bfbc                __malloc_unlock
                0x0010c018                __malloc_lock
 .text          0x0010c0cc     0x1118 ../bsp//libucosii_bsp.a(os_core.o)
                0x0010c0cc                OSVersion
                0x0010c0d4                OS_Dummy
                0x0010c0d8                OS_EventTaskWait
                0x0010c15c                OS_EventTaskWaitMulti
                0x0010c1fc                OS_EventTaskRemove
                0x0010c248                OS_EventTaskRemoveMulti
                0x0010c2a4                OS_EventTaskRdy
                0x0010c398                OS_EventWaitListInit
                0x0010c3b4                OS_MemClr
                0x0010c3d0                OS_MemCopy
                0x0010c3f4                OS_StrCopy
                0x0010c420                OS_StrLen
                0x0010c440                OS_TaskStatStkChk
                0x0010c4c4                OS_Sched
                0x0010c57c                OSStart
                0x0010c5e8                OSInit
                0x0010c7c8                OSEventNameGet
                0x0010c880                OSEventPendMulti
                0x0010cbd8                OSIntEnter
                0x0010cc14                OSSchedLock
                0x0010cc58                OSSchedUnlock
                0x0010ccac                OSStatInit
                0x0010cd10                OSTimeTick
                0x0010ce1c                OS_TaskIdle
                0x0010ce4c                OS_TaskStat
                0x0010ced0                OS_TCBInit
                0x0010d054                OSIntExit
                0x0010d128                OSEventNameSet
 .text          0x0010d1e4        0x4 ../bsp//libucosii_bsp.a(os_dbg.o)
                0x0010d1e4                OSDebugInit
 .text          0x0010d1e8      0xc5c ../bsp//libucosii_bsp.a(os_flag.o)
                0x0010d2a0                OS_FlagUnlink
                0x0010d36c                OS_FlagInit
                0x0010d3dc                OSFlagQuery
                0x0010d438                OSFlagAccept
                0x0010d5a8                OSFlagCreate
                0x0010d630                OSFlagDel
                0x0010d790                OSFlagNameGet
                0x0010d850                OSFlagNameSet
                0x0010d924                OSFlagPend
                0x0010dc24                OSFlagPendGetFlagsRdy
                0x0010dc50                OSFlagPost
 .text          0x0010de44      0x67c ../bsp//libucosii_bsp.a(os_mbox.o)
                0x0010de44                OSMboxQuery
                0x0010dec0                OSMboxAccept
                0x0010def8                OSMboxCreate
                0x0010df84                OSMboxDel
                0x0010e0cc                OSMboxPend
                0x0010e25c                OSMboxPendAbort
                0x0010e340                OSMboxPost
                0x0010e3dc                OSMboxPostOpt
 .text          0x0010e4c0      0x3b8 ../bsp//libucosii_bsp.a(os_mem.o)
                0x0010e4c0                OS_MemInit
                0x0010e528                OSMemQuery
                0x0010e58c                OSMemCreate
                0x0010e65c                OSMemGet
                0x0010e6c8                OSMemNameGet
                0x0010e764                OSMemNameSet
                0x0010e820                OSMemPut
 .text          0x0010e878      0x9c4 ../bsp//libucosii_bsp.a(os_q.o)
                0x0010e878                OS_QInit
                0x0010e8c8                OSQQuery
                0x0010e960                OSQAccept
                0x0010e9fc                OSQCreate
                0x0010eafc                OSQDel
                0x0010ec80                OSQFlush
                0x0010ecd0                OSQPend
                0x0010ee90                OSQPendAbort
                0x0010ef78                OSQPost
                0x0010f034                OSQPostFront
                0x0010f0f8                OSQPostOpt
 .text          0x0010f23c      0x5e0 ../bsp//libucosii_bsp.a(os_sem.o)
                0x0010f23c                OSSemSet
                0x0010f2a0                OSSemAccept
                0x0010f2e4                OSSemCreate
                0x0010f370                OSSemDel
                0x0010f4c4                OSSemPend
                0x0010f62c                OSSemPendAbort
                0x0010f718                OSSemPost
                0x0010f7b4                OSSemQuery
 .text          0x0010f81c      0xe74 ../bsp//libucosii_bsp.a(os_task.o)
                0x0010f81c                OS_TaskStkClr
                0x0010f84c                OSTaskQuery
                0x0010f914                OSTaskChangePrio
                0x0010fbb0                OSTaskCreate
                0x0010fcbc                OSTaskCreateExt
                0x0010fe34                OSTaskDel
                0x00110080                OSTaskDelReq
                0x00110134                OSTaskNameGet
                0x0011023c                OSTaskNameSet
                0x00110358                OSTaskResume
                0x0011045c                OSTaskStkChk
                0x0011054c                OSTaskSuspend
 .text          0x00110690      0x378 ../bsp//libucosii_bsp.a(os_time.o)
                0x00110690                OSTimeSet
                0x001106b4                OSTimeDly
                0x0011074c                OSTimeDlyHMSM
                0x001108ec                OSTimeDlyResume
                0x001109e4                OSTimeGet
 .text          0x00110a08      0xb94 ../bsp//libucosii_bsp.a(os_tmr.o)
                0x00110b74                OSTmr_Init
                0x00110dd0                OSTmrStop
                0x00110f2c                OSTmrStart
                0x00111030                OSTmrStateGet
                0x001110d8                OSTmrRemainGet
                0x001111f0                OSTmrDel
                0x001112ec                OSTmrSignal
                0x00111314                OSTmrNameGet
                0x00111400                OSTmrCreate
 .text          0x0011159c       0x9c ../bsp//libucosii_bsp.a(alt_sys_init.o)
                0x001115a8                alt_sys_init
                0x00111618                alt_irq_init
 .text          0x00111638       0x3c ../bsp//libucosii_bsp.a(altera_avalon_jtag_uart_fd.o)
                0x00111638                altera_avalon_jtag_uart_ioctl_fd
                0x00111644                altera_avalon_jtag_uart_close_fd
                0x00111654                altera_avalon_jtag_uart_write_fd
                0x00111664                altera_avalon_jtag_uart_read_fd
 .text          0x00111674      0x2f4 ../bsp//libucosii_bsp.a(altera_avalon_jtag_uart_init.o)
                0x00111674                altera_avalon_jtag_uart_close
                0x00111734                altera_avalon_jtag_uart_init
 .text          0x00111968       0x7c ../bsp//libucosii_bsp.a(altera_avalon_jtag_uart_ioctl.o)
                0x00111968                altera_avalon_jtag_uart_ioctl
 .text          0x001119e4      0x1ac ../bsp//libucosii_bsp.a(altera_avalon_jtag_uart_read.o)
                0x001119e4                altera_avalon_jtag_uart_read
 .text          0x00111b90      0x1b8 ../bsp//libucosii_bsp.a(altera_avalon_jtag_uart_write.o)
                0x00111b90                altera_avalon_jtag_uart_write
 .text          0x00111d48       0x8c ../bsp//libucosii_bsp.a(altera_avalon_timer_sc.o)
                0x00111d48                alt_avalon_timer_sc_init
 .text          0x00111dd4      0x250 ../bsp//libucosii_bsp.a(altera_up_avalon_character_lcd.o)
                0x00111dd4                get_DDRAM_addr
                0x00111dec                alt_up_character_lcd_string
                0x00111e08                alt_up_character_lcd_write
                0x00111e2c                alt_up_character_lcd_write_fd
                0x00111e4c                alt_up_character_lcd_init
                0x00111e5c                alt_up_character_lcd_send_cmd
                0x00111e6c                alt_up_character_lcd_cursor_blink_on
                0x00111e74                alt_up_character_lcd_cursor_off
                0x00111e7c                alt_up_character_lcd_erase_pos
                0x00111ee0                alt_up_character_lcd_shift_display
                0x00111f50                alt_up_character_lcd_shift_cursor
                0x00111fc0                alt_up_character_lcd_set_cursor_pos
                0x00112018                alt_up_character_lcd_open_dev
 .text          0x00112024        0x4 ../bsp//libucosii_bsp.a(alt_dcache_flush_all.o)
                0x00112024                alt_dcache_flush_all
 .text          0x00112028       0x70 ../bsp//libucosii_bsp.a(alt_dev_llist_insert.o)
                0x00112028                alt_dev_llist_insert
 .text          0x00112098       0x40 ../bsp//libucosii_bsp.a(alt_do_ctors.o)
                0x00112098                _do_ctors
 .text          0x001120d8       0x40 ../bsp//libucosii_bsp.a(alt_do_dtors.o)
                0x001120d8                _do_dtors
 .text          0x00112118       0x70 ../bsp//libucosii_bsp.a(alt_find_dev.o)
                0x00112118                alt_find_dev
 .text          0x00112188        0x4 ../bsp//libucosii_bsp.a(alt_icache_flush_all.o)
                0x00112188                alt_icache_flush_all
 .text          0x0011218c       0x9c ../bsp//libucosii_bsp.a(alt_iic.o)
                0x0011218c                alt_ic_irq_enabled
                0x001121a4                alt_ic_irq_enable
                0x001121e4                alt_ic_irq_disable
                0x00112224                alt_ic_isr_register
 .text          0x00112228       0x6c ../bsp//libucosii_bsp.a(alt_iic_isr_register.o)
                0x00112228                alt_iic_isr_register
 .text          0x00112294      0x114 ../bsp//libucosii_bsp.a(alt_io_redirect.o)
                0x0011231c                alt_io_redirect
 .text          0x001123a8        0x0 ../bsp//libucosii_bsp.a(alt_irq_entry.o)
 .text          0x001123a8        0x0 ../bsp//libucosii_bsp.a(alt_irq_handler.o)
 .text          0x001123a8        0x0 ../bsp//libucosii_bsp.a(alt_irq_vars.o)
 .text          0x001123a8      0x17c ../bsp//libucosii_bsp.a(alt_open.o)
                0x001123a8                open
 .text          0x00112524        0x8 ../bsp//libucosii_bsp.a(altera_nios2_qsys_irq.o)
                0x00112524                altera_nios2_qsys_irq_init
 .text          0x0011252c       0xd0 ../bsp//libucosii_bsp.a(os_cpu_a.o)
                0x0011252c                OSCtxSw
                0x0011252c                OSIntCtxSw
                0x001125b8                OSStartHighRdy
                0x001125d8                OSStartTsk
 .text          0x001125fc      0x228 ../bsp//libucosii_bsp.a(os_cpu_c.o)
                0x001125fc                OSTaskCreateHook
                0x00112600                OSTaskDelHook
                0x00112604                OSTaskSwHook
                0x00112608                OSTaskStatHook
                0x0011260c                OSInitHookBegin
                0x00112614                OSInitHookEnd
                0x00112618                OSTaskIdleHook
                0x0011261c                OSTCBInitHook
                0x00112620                OSTimeTickHook
                0x00112678                OSTaskStkInit
 .text          0x00112824        0x0 ../bsp//libucosii_bsp.a(alt_exception_entry.o)
 .text          0x00112824       0x9c ../bsp//libucosii_bsp.a(alt_find_file.o)
                0x00112824                alt_find_file
 .text          0x001128c0       0xa4 ../bsp//libucosii_bsp.a(alt_get_fd.o)
                0x001128c0                alt_get_fd
 .text          0x00112964       0x14 /opt/altera/13.0sp1/nios2eds/bin/gnu/H-i686-pc-linux-gnu/bin/../lib/gcc/nios2-elf/4.1.2/../../../../nios2-elf/lib/mno-hw-mul/libc.a(lib_a-atexit.o)
                0x00112964                atexit
 .text          0x00112978       0x38 /opt/altera/13.0sp1/nios2eds/bin/gnu/H-i686-pc-linux-gnu/bin/../lib/gcc/nios2-elf/4.1.2/../../../../nios2-elf/lib/mno-hw-mul/libc.a(lib_a-exit.o)
                0x00112978                exit
 .text          0x001129b0       0x74 /opt/altera/13.0sp1/nios2eds/bin/gnu/H-i686-pc-linux-gnu/bin/../lib/gcc/nios2-elf/4.1.2/../../../../nios2-elf/lib/mno-hw-mul/libc.a(lib_a-memcmp.o)
                0x001129b0                memcmp
 .text          0x00112a24      0x134 /opt/altera/13.0sp1/nios2eds/bin/gnu/H-i686-pc-linux-gnu/bin/../lib/gcc/nios2-elf/4.1.2/../../../../nios2-elf/lib/mno-hw-mul/libc.a(lib_a-__atexit.o)
                0x00112a24                __register_exitproc
 .text          0x00112b58      0x1b4 /opt/altera/13.0sp1/nios2eds/bin/gnu/H-i686-pc-linux-gnu/bin/../lib/gcc/nios2-elf/4.1.2/../../../../nios2-elf/lib/mno-hw-mul/libc.a(lib_a-__call_atexit.o)
                0x00112b5c                __call_exitprocs
 .text          0x00112d0c       0xa4 /opt/altera/13.0sp1/nios2eds/bin/gnu/H-i686-pc-linux-gnu/bin/../lib/gcc/nios2-elf/4.1.2/mno-hw-mul/libgcc.a(_fixunsdfsi.o)
                0x00112d0c                __fixunsdfsi
 .text          0x00112db0       0x20 ../bsp//libucosii_bsp.a(alt_exit.o)
                0x00112db0                _exit
 *(.gnu.warning.*)
 *(.fini)
                0x00112dd0                PROVIDE (__etext, ABSOLUTE (.))
                0x00112dd0                PROVIDE (_etext, ABSOLUTE (.))
                0x00112dd0                PROVIDE (etext, ABSOLUTE (.))
 *(.eh_frame_hdr)
                0x00112dd0                . = ALIGN (0x4)
                0x00112dd0                PROVIDE (__preinit_array_start, ABSOLUTE (.))
 *(.preinit_array)
                0x00112dd0                PROVIDE (__preinit_array_end, ABSOLUTE (.))
                0x00112dd0                PROVIDE (__init_array_start, ABSOLUTE (.))
 *(.init_array)
                0x00112dd0                PROVIDE (__init_array_end, ABSOLUTE (.))
                0x00112dd0                PROVIDE (__fini_array_start, ABSOLUTE (.))
 *(.fini_array)
                0x00112dd0                PROVIDE (__fini_array_end, ABSOLUTE (.))
 *(.eh_frame)
 *(.gcc_except_table)
 *(.dynamic)
                0x00112dd0                PROVIDE (__CTOR_LIST__, ABSOLUTE (.))
 *(.ctors)
 *(SORT(.ctors.*))
 .ctors.65535   0x00112dd0        0x4 /opt/altera/13.0sp1/nios2eds/bin/gnu/H-i686-pc-linux-gnu/bin/../lib/gcc/nios2-elf/4.1.2/../../../../nios2-elf/lib/mno-hw-mul/libc.a(lib_a-__call_atexit.o)
                0x00112dd4                PROVIDE (__CTOR_END__, ABSOLUTE (.))
                0x00112dd4                PROVIDE (__DTOR_LIST__, ABSOLUTE (.))
 *(.dtors)
 *(SORT(.dtors.*))
                0x00112dd4                PROVIDE (__DTOR_END__, ABSOLUTE (.))
 *(.jcr)
                0x00112dd4                . = ALIGN (0x4)

.rodata         0x00112dd4      0x5c0
                0x00112dd4                PROVIDE (__ram_rodata_start, ABSOLUTE (.))
                0x00112dd4                . = ALIGN (0x4)
 *(.rodata .rodata.* .gnu.linkonce.r.*)
 .rodata        0x00112dd4      0x118 obj/default/cruise_skeleton.o
 .rodata        0x00112eec       0x10 /opt/altera/13.0sp1/nios2eds/bin/gnu/H-i686-pc-linux-gnu/bin/../lib/gcc/nios2-elf/4.1.2/mno-hw-mul/libgcc.a(_thenan_sf.o)
                0x00112eec                __thenan_sf
 .rodata        0x00112efc       0x14 /opt/altera/13.0sp1/nios2eds/bin/gnu/H-i686-pc-linux-gnu/bin/../lib/gcc/nios2-elf/4.1.2/mno-hw-mul/libgcc.a(_thenan_df.o)
                0x00112efc                __thenan_df
 .rodata        0x00112f10      0x100 /opt/altera/13.0sp1/nios2eds/bin/gnu/H-i686-pc-linux-gnu/bin/../lib/gcc/nios2-elf/4.1.2/mno-hw-mul/libgcc.a(_clz.o)
                0x00112f10                __clz_tab
 .rodata.str1.4
                0x00113010        0x2 /opt/altera/13.0sp1/nios2eds/bin/gnu/H-i686-pc-linux-gnu/bin/../lib/gcc/nios2-elf/4.1.2/../../../../nios2-elf/lib/mno-hw-mul/libc.a(lib_a-puts.o)
                                  0x4 (size before relaxing)
 *fill*         0x00113012        0x2 00
 .rodata.str1.4
                0x00113014       0x5e /opt/altera/13.0sp1/nios2eds/bin/gnu/H-i686-pc-linux-gnu/bin/../lib/gcc/nios2-elf/4.1.2/../../../../nios2-elf/lib/mno-hw-mul/libc.a(lib_a-vfprintf.o)
                                 0x60 (size before relaxing)
 .rodata        0x00113072       0x20 /opt/altera/13.0sp1/nios2eds/bin/gnu/H-i686-pc-linux-gnu/bin/../lib/gcc/nios2-elf/4.1.2/../../../../nios2-elf/lib/mno-hw-mul/libc.a(lib_a-vfprintf.o)
 *fill*         0x00113092        0x2 00
 .rodata.str1.4
                0x00113094       0x10 /opt/altera/13.0sp1/nios2eds/bin/gnu/H-i686-pc-linux-gnu/bin/../lib/gcc/nios2-elf/4.1.2/../../../../nios2-elf/lib/mno-hw-mul/libc.a(lib_a-dtoa.o)
                                 0x14 (size before relaxing)
 .rodata.str1.4
                0x001130a4        0x2 /opt/altera/13.0sp1/nios2eds/bin/gnu/H-i686-pc-linux-gnu/bin/../lib/gcc/nios2-elf/4.1.2/../../../../nios2-elf/lib/mno-hw-mul/libc.a(lib_a-impure.o)
                                  0x4 (size before relaxing)
 *fill*         0x001130a6        0x2 00
 .rodata.str1.4
                0x001130a8        0xf /opt/altera/13.0sp1/nios2eds/bin/gnu/H-i686-pc-linux-gnu/bin/../lib/gcc/nios2-elf/4.1.2/../../../../nios2-elf/lib/mno-hw-mul/libc.a(lib_a-locale.o)
                                 0x18 (size before relaxing)
 *fill*         0x001130b7        0x1 00
 .rodata        0x001130b8       0x30 /opt/altera/13.0sp1/nios2eds/bin/gnu/H-i686-pc-linux-gnu/bin/../lib/gcc/nios2-elf/4.1.2/../../../../nios2-elf/lib/mno-hw-mul/libc.a(lib_a-locale.o)
 .rodata        0x001130e8      0x124 /opt/altera/13.0sp1/nios2eds/bin/gnu/H-i686-pc-linux-gnu/bin/../lib/gcc/nios2-elf/4.1.2/../../../../nios2-elf/lib/mno-hw-mul/libc.a(lib_a-mprec.o)
                0x001130e8                __mprec_tens
                0x001131b0                __mprec_bigtens
                0x001131d8                __mprec_tinytens
 .rodata.str1.4
                0x0011320c        0xa ../bsp//libucosii_bsp.a(alt_dev.o)
                                  0xc (size before relaxing)
 *fill*         0x00113216        0x2 00
 .rodata.str1.4
                0x00113218       0x11 ../bsp//libucosii_bsp.a(alt_main.o)
                                 0x14 (size before relaxing)
 *fill*         0x00113229        0x3 00
 .rodata.str1.4
                0x0011322c       0x1e ../bsp//libucosii_bsp.a(os_core.o)
                                 0x20 (size before relaxing)
 .rodata        0x0011324a      0x100 ../bsp//libucosii_bsp.a(os_core.o)
                0x0011324a                OSUnMapTbl
 *fill*         0x0011334a        0x2 00
 .rodata.str1.4
                0x0011334c       0x35 ../bsp//libucosii_bsp.a(os_tmr.o)
                                 0x38 (size before relaxing)
 *fill*         0x00113381        0x3 00
 .rodata.str1.4
                0x00113384       0x10 ../bsp//libucosii_bsp.a(alt_sys_init.o)
                                 0x24 (size before relaxing)
 .rodata.str1.4
                0x00000000        0x4 ../bsp//libucosii_bsp.a(os_cpu_c.o)
 *(.rodata1)
                0x00113394                . = ALIGN (0x4)
                0x00113394                PROVIDE (__ram_rodata_end, ABSOLUTE (.))
                0x00112dd4                PROVIDE (__flash_rodata_start, LOADADDR (.rodata))

.rwdata         0x00113394     0x1b3c load address 0x00114ed0
                0x00113394                PROVIDE (__ram_rwdata_start, ABSOLUTE (.))
                0x00113394                . = ALIGN (0x4)
 *(.got.plt)
 *(.got)
 *(.data1)
 *(.data .data.* .gnu.linkonce.d.*)
 .data          0x00113394        0x0 ../bsp//obj/HAL/src/crt0.o
 .data          0x00113394       0x2c obj/default/cruise_skeleton.o
 .data          0x001133c0        0x0 /opt/altera/13.0sp1/nios2eds/bin/gnu/H-i686-pc-linux-gnu/bin/../lib/gcc/nios2-elf/4.1.2/mno-hw-mul/libgcc.a(_mul_sf.o)
 .data          0x001133c0        0x0 /opt/altera/13.0sp1/nios2eds/bin/gnu/H-i686-pc-linux-gnu/bin/../lib/gcc/nios2-elf/4.1.2/mno-hw-mul/libgcc.a(_div_sf.o)
 .data          0x001133c0        0x0 /opt/altera/13.0sp1/nios2eds/bin/gnu/H-i686-pc-linux-gnu/bin/../lib/gcc/nios2-elf/4.1.2/mno-hw-mul/libgcc.a(_si_to_sf.o)
 .data          0x001133c0        0x0 /opt/altera/13.0sp1/nios2eds/bin/gnu/H-i686-pc-linux-gnu/bin/../lib/gcc/nios2-elf/4.1.2/mno-hw-mul/libgcc.a(_sf_to_si.o)
 .data          0x001133c0        0x0 /opt/altera/13.0sp1/nios2eds/bin/gnu/H-i686-pc-linux-gnu/bin/../lib/gcc/nios2-elf/4.1.2/mno-hw-mul/libgcc.a(_thenan_sf.o)
 .data          0x001133c0        0x0 /opt/altera/13.0sp1/nios2eds/bin/gnu/H-i686-pc-linux-gnu/bin/../lib/gcc/nios2-elf/4.1.2/mno-hw-mul/libgcc.a(_addsub_df.o)
 .data          0x001133c0        0x0 /opt/altera/13.0sp1/nios2eds/bin/gnu/H-i686-pc-linux-gnu/bin/../lib/gcc/nios2-elf/4.1.2/mno-hw-mul/libgcc.a(_div_df.o)
 .data          0x001133c0        0x0 /opt/altera/13.0sp1/nios2eds/bin/gnu/H-i686-pc-linux-gnu/bin/../lib/gcc/nios2-elf/4.1.2/mno-hw-mul/libgcc.a(_si_to_df.o)
 .data          0x001133c0        0x0 /opt/altera/13.0sp1/nios2eds/bin/gnu/H-i686-pc-linux-gnu/bin/../lib/gcc/nios2-elf/4.1.2/mno-hw-mul/libgcc.a(_df_to_si.o)
 .data          0x001133c0        0x0 /opt/altera/13.0sp1/nios2eds/bin/gnu/H-i686-pc-linux-gnu/bin/../lib/gcc/nios2-elf/4.1.2/mno-hw-mul/libgcc.a(_thenan_df.o)
 .data          0x001133c0        0x0 /opt/altera/13.0sp1/nios2eds/bin/gnu/H-i686-pc-linux-gnu/bin/../lib/gcc/nios2-elf/4.1.2/mno-hw-mul/libgcc.a(lib2-divmod.o)
 .data          0x001133c0        0x0 /opt/altera/13.0sp1/nios2eds/bin/gnu/H-i686-pc-linux-gnu/bin/../lib/gcc/nios2-elf/4.1.2/mno-hw-mul/libgcc.a(lib2-mul.o)
 .data          0x001133c0        0x0 /opt/altera/13.0sp1/nios2eds/bin/gnu/H-i686-pc-linux-gnu/bin/../lib/gcc/nios2-elf/4.1.2/mno-hw-mul/libgcc.a(_muldi3.o)
 .data          0x001133c0        0x0 /opt/altera/13.0sp1/nios2eds/bin/gnu/H-i686-pc-linux-gnu/bin/../lib/gcc/nios2-elf/4.1.2/mno-hw-mul/libgcc.a(_clzsi2.o)
 .data          0x001133c0        0x0 /opt/altera/13.0sp1/nios2eds/bin/gnu/H-i686-pc-linux-gnu/bin/../lib/gcc/nios2-elf/4.1.2/mno-hw-mul/libgcc.a(_pack_sf.o)
 .data          0x001133c0        0x0 /opt/altera/13.0sp1/nios2eds/bin/gnu/H-i686-pc-linux-gnu/bin/../lib/gcc/nios2-elf/4.1.2/mno-hw-mul/libgcc.a(_unpack_sf.o)
 .data          0x001133c0        0x0 /opt/altera/13.0sp1/nios2eds/bin/gnu/H-i686-pc-linux-gnu/bin/../lib/gcc/nios2-elf/4.1.2/mno-hw-mul/libgcc.a(_pack_df.o)
 .data          0x001133c0        0x0 /opt/altera/13.0sp1/nios2eds/bin/gnu/H-i686-pc-linux-gnu/bin/../lib/gcc/nios2-elf/4.1.2/mno-hw-mul/libgcc.a(_unpack_df.o)
 .data          0x001133c0        0x0 /opt/altera/13.0sp1/nios2eds/bin/gnu/H-i686-pc-linux-gnu/bin/../lib/gcc/nios2-elf/4.1.2/mno-hw-mul/libgcc.a(_clz.o)
 .data          0x001133c0        0x0 /opt/altera/13.0sp1/nios2eds/bin/gnu/H-i686-pc-linux-gnu/bin/../lib/gcc/nios2-elf/4.1.2/../../../../nios2-elf/lib/mno-hw-mul/libc.a(lib_a-printf.o)
 .data          0x001133c0        0x0 /opt/altera/13.0sp1/nios2eds/bin/gnu/H-i686-pc-linux-gnu/bin/../lib/gcc/nios2-elf/4.1.2/../../../../nios2-elf/lib/mno-hw-mul/libc.a(lib_a-puts.o)
 .data          0x001133c0        0x0 /opt/altera/13.0sp1/nios2eds/bin/gnu/H-i686-pc-linux-gnu/bin/../lib/gcc/nios2-elf/4.1.2/../../../../nios2-elf/lib/mno-hw-mul/libc.a(lib_a-strlen.o)
 .data          0x001133c0        0x0 /opt/altera/13.0sp1/nios2eds/bin/gnu/H-i686-pc-linux-gnu/bin/../lib/gcc/nios2-elf/4.1.2/../../../../nios2-elf/lib/mno-hw-mul/libc.a(lib_a-vfprintf.o)
 .data          0x001133c0        0x0 /opt/altera/13.0sp1/nios2eds/bin/gnu/H-i686-pc-linux-gnu/bin/../lib/gcc/nios2-elf/4.1.2/../../../../nios2-elf/lib/mno-hw-mul/libc.a(lib_a-wsetup.o)
 .data          0x001133c0        0x0 /opt/altera/13.0sp1/nios2eds/bin/gnu/H-i686-pc-linux-gnu/bin/../lib/gcc/nios2-elf/4.1.2/../../../../nios2-elf/lib/mno-hw-mul/libc.a(lib_a-dtoa.o)
 .data          0x001133c0        0x0 /opt/altera/13.0sp1/nios2eds/bin/gnu/H-i686-pc-linux-gnu/bin/../lib/gcc/nios2-elf/4.1.2/../../../../nios2-elf/lib/mno-hw-mul/libc.a(lib_a-fflush.o)
 .data          0x001133c0        0x0 /opt/altera/13.0sp1/nios2eds/bin/gnu/H-i686-pc-linux-gnu/bin/../lib/gcc/nios2-elf/4.1.2/../../../../nios2-elf/lib/mno-hw-mul/libc.a(lib_a-findfp.o)
 .data          0x001133c0        0x0 /opt/altera/13.0sp1/nios2eds/bin/gnu/H-i686-pc-linux-gnu/bin/../lib/gcc/nios2-elf/4.1.2/../../../../nios2-elf/lib/mno-hw-mul/libc.a(lib_a-freer.o)
 .data          0x001133c0        0x0 /opt/altera/13.0sp1/nios2eds/bin/gnu/H-i686-pc-linux-gnu/bin/../lib/gcc/nios2-elf/4.1.2/../../../../nios2-elf/lib/mno-hw-mul/libc.a(lib_a-fvwrite.o)
 .data          0x001133c0        0x0 /opt/altera/13.0sp1/nios2eds/bin/gnu/H-i686-pc-linux-gnu/bin/../lib/gcc/nios2-elf/4.1.2/../../../../nios2-elf/lib/mno-hw-mul/libc.a(lib_a-fwalk.o)
 .data          0x001133c0      0x400 /opt/altera/13.0sp1/nios2eds/bin/gnu/H-i686-pc-linux-gnu/bin/../lib/gcc/nios2-elf/4.1.2/../../../../nios2-elf/lib/mno-hw-mul/libc.a(lib_a-impure.o)
 .data          0x001137c0        0xc /opt/altera/13.0sp1/nios2eds/bin/gnu/H-i686-pc-linux-gnu/bin/../lib/gcc/nios2-elf/4.1.2/../../../../nios2-elf/lib/mno-hw-mul/libc.a(lib_a-locale.o)
                0x001137c0                __lc_ctype
 .data          0x001137cc        0x0 /opt/altera/13.0sp1/nios2eds/bin/gnu/H-i686-pc-linux-gnu/bin/../lib/gcc/nios2-elf/4.1.2/../../../../nios2-elf/lib/mno-hw-mul/libc.a(lib_a-makebuf.o)
 .data          0x001137cc      0x408 /opt/altera/13.0sp1/nios2eds/bin/gnu/H-i686-pc-linux-gnu/bin/../lib/gcc/nios2-elf/4.1.2/../../../../nios2-elf/lib/mno-hw-mul/libc.a(lib_a-mallocr.o)
                0x001137cc                __malloc_av_
 .data          0x00113bd4        0x0 /opt/altera/13.0sp1/nios2eds/bin/gnu/H-i686-pc-linux-gnu/bin/../lib/gcc/nios2-elf/4.1.2/../../../../nios2-elf/lib/mno-hw-mul/libc.a(lib_a-memchr.o)
 .data          0x00113bd4        0x0 /opt/altera/13.0sp1/nios2eds/bin/gnu/H-i686-pc-linux-gnu/bin/../lib/gcc/nios2-elf/4.1.2/../../../../nios2-elf/lib/mno-hw-mul/libc.a(lib_a-memcpy.o)
 .data          0x00113bd4        0x0 /opt/altera/13.0sp1/nios2eds/bin/gnu/H-i686-pc-linux-gnu/bin/../lib/gcc/nios2-elf/4.1.2/../../../../nios2-elf/lib/mno-hw-mul/libc.a(lib_a-memmove.o)
 .data          0x00113bd4        0x0 /opt/altera/13.0sp1/nios2eds/bin/gnu/H-i686-pc-linux-gnu/bin/../lib/gcc/nios2-elf/4.1.2/../../../../nios2-elf/lib/mno-hw-mul/libc.a(lib_a-memset.o)
 .data          0x00113bd4        0x0 /opt/altera/13.0sp1/nios2eds/bin/gnu/H-i686-pc-linux-gnu/bin/../lib/gcc/nios2-elf/4.1.2/../../../../nios2-elf/lib/mno-hw-mul/libc.a(lib_a-mprec.o)
 .data          0x00113bd4        0x0 /opt/altera/13.0sp1/nios2eds/bin/gnu/H-i686-pc-linux-gnu/bin/../lib/gcc/nios2-elf/4.1.2/../../../../nios2-elf/lib/mno-hw-mul/libc.a(lib_a-reallocr.o)
 .data          0x00113bd4        0x0 /opt/altera/13.0sp1/nios2eds/bin/gnu/H-i686-pc-linux-gnu/bin/../lib/gcc/nios2-elf/4.1.2/../../../../nios2-elf/lib/mno-hw-mul/libc.a(lib_a-s_isinfd.o)
 .data          0x00113bd4        0x0 /opt/altera/13.0sp1/nios2eds/bin/gnu/H-i686-pc-linux-gnu/bin/../lib/gcc/nios2-elf/4.1.2/../../../../nios2-elf/lib/mno-hw-mul/libc.a(lib_a-s_isnand.o)
 .data          0x00113bd4        0x0 /opt/altera/13.0sp1/nios2eds/bin/gnu/H-i686-pc-linux-gnu/bin/../lib/gcc/nios2-elf/4.1.2/../../../../nios2-elf/lib/mno-hw-mul/libc.a(lib_a-sbrkr.o)
 .data          0x00113bd4        0x0 /opt/altera/13.0sp1/nios2eds/bin/gnu/H-i686-pc-linux-gnu/bin/../lib/gcc/nios2-elf/4.1.2/../../../../nios2-elf/lib/mno-hw-mul/libc.a(lib_a-stdio.o)
 .data          0x00113bd4        0x0 /opt/altera/13.0sp1/nios2eds/bin/gnu/H-i686-pc-linux-gnu/bin/../lib/gcc/nios2-elf/4.1.2/../../../../nios2-elf/lib/mno-hw-mul/libc.a(lib_a-strcmp.o)
 .data          0x00113bd4        0x0 /opt/altera/13.0sp1/nios2eds/bin/gnu/H-i686-pc-linux-gnu/bin/../lib/gcc/nios2-elf/4.1.2/../../../../nios2-elf/lib/mno-hw-mul/libc.a(lib_a-writer.o)
 .data          0x00113bd4        0x0 /opt/altera/13.0sp1/nios2eds/bin/gnu/H-i686-pc-linux-gnu/bin/../lib/gcc/nios2-elf/4.1.2/../../../../nios2-elf/lib/mno-hw-mul/libc.a(lib_a-callocr.o)
 .data          0x00113bd4        0x0 /opt/altera/13.0sp1/nios2eds/bin/gnu/H-i686-pc-linux-gnu/bin/../lib/gcc/nios2-elf/4.1.2/../../../../nios2-elf/lib/mno-hw-mul/libc.a(lib_a-closer.o)
 .data          0x00113bd4        0x0 /opt/altera/13.0sp1/nios2eds/bin/gnu/H-i686-pc-linux-gnu/bin/../lib/gcc/nios2-elf/4.1.2/../../../../nios2-elf/lib/mno-hw-mul/libc.a(lib_a-fclose.o)
 .data          0x00113bd4        0x0 /opt/altera/13.0sp1/nios2eds/bin/gnu/H-i686-pc-linux-gnu/bin/../lib/gcc/nios2-elf/4.1.2/../../../../nios2-elf/lib/mno-hw-mul/libc.a(lib_a-fstatr.o)
 .data          0x00113bd4        0x0 /opt/altera/13.0sp1/nios2eds/bin/gnu/H-i686-pc-linux-gnu/bin/../lib/gcc/nios2-elf/4.1.2/../../../../nios2-elf/lib/mno-hw-mul/libc.a(lib_a-int_errno.o)
 .data          0x00113bd4        0x0 /opt/altera/13.0sp1/nios2eds/bin/gnu/H-i686-pc-linux-gnu/bin/../lib/gcc/nios2-elf/4.1.2/../../../../nios2-elf/lib/mno-hw-mul/libc.a(lib_a-isattyr.o)
 .data          0x00113bd4        0x0 /opt/altera/13.0sp1/nios2eds/bin/gnu/H-i686-pc-linux-gnu/bin/../lib/gcc/nios2-elf/4.1.2/../../../../nios2-elf/lib/mno-hw-mul/libc.a(lib_a-lseekr.o)
 .data          0x00113bd4        0x0 /opt/altera/13.0sp1/nios2eds/bin/gnu/H-i686-pc-linux-gnu/bin/../lib/gcc/nios2-elf/4.1.2/../../../../nios2-elf/lib/mno-hw-mul/libc.a(lib_a-readr.o)
 .data          0x00113bd4        0x0 /opt/altera/13.0sp1/nios2eds/bin/gnu/H-i686-pc-linux-gnu/bin/../lib/gcc/nios2-elf/4.1.2/mno-hw-mul/libgcc.a(_udivdi3.o)
 .data          0x00113bd4        0x0 /opt/altera/13.0sp1/nios2eds/bin/gnu/H-i686-pc-linux-gnu/bin/../lib/gcc/nios2-elf/4.1.2/mno-hw-mul/libgcc.a(_umoddi3.o)
 .data          0x00113bd4        0x0 /opt/altera/13.0sp1/nios2eds/bin/gnu/H-i686-pc-linux-gnu/bin/../lib/gcc/nios2-elf/4.1.2/mno-hw-mul/libgcc.a(_mul_df.o)
 .data          0x00113bd4        0x0 /opt/altera/13.0sp1/nios2eds/bin/gnu/H-i686-pc-linux-gnu/bin/../lib/gcc/nios2-elf/4.1.2/mno-hw-mul/libgcc.a(_eq_df.o)
 .data          0x00113bd4        0x0 /opt/altera/13.0sp1/nios2eds/bin/gnu/H-i686-pc-linux-gnu/bin/../lib/gcc/nios2-elf/4.1.2/mno-hw-mul/libgcc.a(_ne_df.o)
 .data          0x00113bd4        0x0 /opt/altera/13.0sp1/nios2eds/bin/gnu/H-i686-pc-linux-gnu/bin/../lib/gcc/nios2-elf/4.1.2/mno-hw-mul/libgcc.a(_gt_df.o)
 .data          0x00113bd4        0x0 /opt/altera/13.0sp1/nios2eds/bin/gnu/H-i686-pc-linux-gnu/bin/../lib/gcc/nios2-elf/4.1.2/mno-hw-mul/libgcc.a(_ge_df.o)
 .data          0x00113bd4        0x0 /opt/altera/13.0sp1/nios2eds/bin/gnu/H-i686-pc-linux-gnu/bin/../lib/gcc/nios2-elf/4.1.2/mno-hw-mul/libgcc.a(_lt_df.o)
 .data          0x00113bd4        0x0 /opt/altera/13.0sp1/nios2eds/bin/gnu/H-i686-pc-linux-gnu/bin/../lib/gcc/nios2-elf/4.1.2/mno-hw-mul/libgcc.a(_usi_to_df.o)
 .data          0x00113bd4        0x0 /opt/altera/13.0sp1/nios2eds/bin/gnu/H-i686-pc-linux-gnu/bin/../lib/gcc/nios2-elf/4.1.2/mno-hw-mul/libgcc.a(_fpcmp_parts_df.o)
 .data          0x00113bd4        0x0 ../bsp//libucosii_bsp.a(alt_alarm_start.o)
 .data          0x00113bd4        0x0 ../bsp//libucosii_bsp.a(alt_close.o)
 .data          0x00113bd4      0x1a8 ../bsp//libucosii_bsp.a(alt_dev.o)
                0x00113bd4                alt_dev_null
                0x00113bfc                alt_fd_list
 .data          0x00113d7c        0x0 ../bsp//libucosii_bsp.a(alt_errno.o)
 .data          0x00113d7c        0x0 ../bsp//libucosii_bsp.a(alt_fstat.o)
 .data          0x00113d7c        0x0 ../bsp//libucosii_bsp.a(alt_isatty.o)
 .data          0x00113d7c        0x0 ../bsp//libucosii_bsp.a(alt_load.o)
 .data          0x00113d7c        0x0 ../bsp//libucosii_bsp.a(alt_lseek.o)
 .data          0x00113d7c        0x0 ../bsp//libucosii_bsp.a(alt_main.o)
 .data          0x00113d7c        0x0 ../bsp//libucosii_bsp.a(alt_read.o)
 .data          0x00113d7c        0x0 ../bsp//libucosii_bsp.a(alt_release_fd.o)
 .data          0x00113d7c        0x0 ../bsp//libucosii_bsp.a(alt_sbrk.o)
 .data          0x00113d7c        0x0 ../bsp//libucosii_bsp.a(alt_tick.o)
 .data          0x00113d7c        0x0 ../bsp//libucosii_bsp.a(alt_write.o)
 .data          0x00113d7c        0x0 ../bsp//libucosii_bsp.a(alt_env_lock.o)
 .data          0x00113d7c        0x0 ../bsp//libucosii_bsp.a(alt_malloc_lock.o)
 .data          0x00113d7c        0x0 ../bsp//libucosii_bsp.a(os_core.o)
 .data          0x00113d7c        0x0 ../bsp//libucosii_bsp.a(os_dbg.o)
 .data          0x00113d7c        0x0 ../bsp//libucosii_bsp.a(os_flag.o)
 .data          0x00113d7c        0x0 ../bsp//libucosii_bsp.a(os_mbox.o)
 .data          0x00113d7c        0x0 ../bsp//libucosii_bsp.a(os_mem.o)
 .data          0x00113d7c        0x0 ../bsp//libucosii_bsp.a(os_q.o)
 .data          0x00113d7c        0x0 ../bsp//libucosii_bsp.a(os_sem.o)
 .data          0x00113d7c        0x0 ../bsp//libucosii_bsp.a(os_task.o)
 .data          0x00113d7c        0x0 ../bsp//libucosii_bsp.a(os_time.o)
 .data          0x00113d7c        0x0 ../bsp//libucosii_bsp.a(os_tmr.o)
 .data          0x00113d7c     0x1098 ../bsp//libucosii_bsp.a(alt_sys_init.o)
 .data          0x00114e14        0x0 ../bsp//libucosii_bsp.a(altera_avalon_jtag_uart_fd.o)
 .data          0x00114e14        0x0 ../bsp//libucosii_bsp.a(altera_avalon_jtag_uart_init.o)
 .data          0x00114e14        0x0 ../bsp//libucosii_bsp.a(altera_avalon_jtag_uart_ioctl.o)
 .data          0x00114e14        0x0 ../bsp//libucosii_bsp.a(altera_avalon_jtag_uart_read.o)
 .data          0x00114e14        0x0 ../bsp//libucosii_bsp.a(altera_avalon_jtag_uart_write.o)
 .data          0x00114e14        0x0 ../bsp//libucosii_bsp.a(altera_avalon_timer_sc.o)
 .data          0x00114e14        0x0 ../bsp//libucosii_bsp.a(altera_up_avalon_character_lcd.o)
 .data          0x00114e14        0x0 ../bsp//libucosii_bsp.a(alt_dcache_flush_all.o)
 .data          0x00114e14        0x0 ../bsp//libucosii_bsp.a(alt_dev_llist_insert.o)
 .data          0x00114e14        0x0 ../bsp//libucosii_bsp.a(alt_do_ctors.o)
 .data          0x00114e14        0x0 ../bsp//libucosii_bsp.a(alt_do_dtors.o)
 .data          0x00114e14        0x0 ../bsp//libucosii_bsp.a(alt_find_dev.o)
 .data          0x00114e14        0x0 ../bsp//libucosii_bsp.a(alt_icache_flush_all.o)
 .data          0x00114e14        0x0 ../bsp//libucosii_bsp.a(alt_iic.o)
 .data          0x00114e14        0x0 ../bsp//libucosii_bsp.a(alt_iic_isr_register.o)
 .data          0x00114e14        0x0 ../bsp//libucosii_bsp.a(alt_io_redirect.o)
 .data          0x00114e14        0x0 ../bsp//libucosii_bsp.a(alt_irq_entry.o)
 .data          0x00114e14        0x0 ../bsp//libucosii_bsp.a(alt_irq_handler.o)
 .data          0x00114e14        0x0 ../bsp//libucosii_bsp.a(alt_irq_vars.o)
 .data          0x00114e14        0x0 ../bsp//libucosii_bsp.a(alt_open.o)
 .data          0x00114e14        0x0 ../bsp//libucosii_bsp.a(altera_nios2_qsys_irq.o)
 .data          0x00114e14        0x0 ../bsp//libucosii_bsp.a(os_cpu_a.o)
 .data          0x00114e14        0x0 ../bsp//libucosii_bsp.a(os_cpu_c.o)
 .data          0x00114e14        0x0 ../bsp//libucosii_bsp.a(alt_exception_entry.o)
 .data          0x00114e14        0x0 ../bsp//libucosii_bsp.a(alt_find_file.o)
 .data          0x00114e14        0x0 ../bsp//libucosii_bsp.a(alt_get_fd.o)
 .data          0x00114e14        0x0 /opt/altera/13.0sp1/nios2eds/bin/gnu/H-i686-pc-linux-gnu/bin/../lib/gcc/nios2-elf/4.1.2/../../../../nios2-elf/lib/mno-hw-mul/libc.a(lib_a-atexit.o)
 .data          0x00114e14        0x0 /opt/altera/13.0sp1/nios2eds/bin/gnu/H-i686-pc-linux-gnu/bin/../lib/gcc/nios2-elf/4.1.2/../../../../nios2-elf/lib/mno-hw-mul/libc.a(lib_a-exit.o)
 .data          0x00114e14        0x0 /opt/altera/13.0sp1/nios2eds/bin/gnu/H-i686-pc-linux-gnu/bin/../lib/gcc/nios2-elf/4.1.2/../../../../nios2-elf/lib/mno-hw-mul/libc.a(lib_a-memcmp.o)
 .data          0x00114e14        0x0 /opt/altera/13.0sp1/nios2eds/bin/gnu/H-i686-pc-linux-gnu/bin/../lib/gcc/nios2-elf/4.1.2/../../../../nios2-elf/lib/mno-hw-mul/libc.a(lib_a-__atexit.o)
 .data          0x00114e14        0x0 /opt/altera/13.0sp1/nios2eds/bin/gnu/H-i686-pc-linux-gnu/bin/../lib/gcc/nios2-elf/4.1.2/../../../../nios2-elf/lib/mno-hw-mul/libc.a(lib_a-__call_atexit.o)
 .data          0x00114e14        0x0 /opt/altera/13.0sp1/nios2eds/bin/gnu/H-i686-pc-linux-gnu/bin/../lib/gcc/nios2-elf/4.1.2/mno-hw-mul/libgcc.a(_fixunsdfsi.o)
 .data          0x00114e14        0x0 ../bsp//libucosii_bsp.a(alt_exit.o)
                0x0011ce14                _gp = ABSOLUTE ((. + 0x8000))
                0x0011ce14                PROVIDE (gp, _gp)
 *(.rwdata .rwdata.*)
 *(.sdata .sdata.* .gnu.linkonce.s.*)
 .sdata         0x00114e14        0x8 /opt/altera/13.0sp1/nios2eds/bin/gnu/H-i686-pc-linux-gnu/bin/../lib/gcc/nios2-elf/4.1.2/../../../../nios2-elf/lib/mno-hw-mul/libc.a(lib_a-impure.o)
                0x00114e14                _impure_ptr
                0x00114e18                _global_impure_ptr
 .sdata         0x00114e1c        0x8 /opt/altera/13.0sp1/nios2eds/bin/gnu/H-i686-pc-linux-gnu/bin/../lib/gcc/nios2-elf/4.1.2/../../../../nios2-elf/lib/mno-hw-mul/libc.a(lib_a-locale.o)
                0x00114e1c                __mb_cur_max
 .sdata         0x00114e24        0x8 /opt/altera/13.0sp1/nios2eds/bin/gnu/H-i686-pc-linux-gnu/bin/../lib/gcc/nios2-elf/4.1.2/../../../../nios2-elf/lib/mno-hw-mul/libc.a(lib_a-mallocr.o)
                0x00114e24                __malloc_trim_threshold
                0x00114e28                __malloc_sbrk_base
 .sdata         0x00114e2c       0x14 ../bsp//libucosii_bsp.a(alt_dev.o)
                0x00114e2c                alt_fs_list
                0x00114e34                alt_dev_list
                0x00114e3c                alt_max_fd
 .sdata         0x00114e40        0x4 ../bsp//libucosii_bsp.a(alt_errno.o)
                0x00114e40                alt_errno
 .sdata         0x00114e44        0x4 ../bsp//libucosii_bsp.a(alt_sbrk.o)
 .sdata         0x00114e48        0x8 ../bsp//libucosii_bsp.a(alt_tick.o)
                0x00114e48                alt_alarm_list
 .sdata         0x00114e50        0x4 ../bsp//libucosii_bsp.a(alt_env_lock.o)
 .sdata         0x00114e54        0x4 ../bsp//libucosii_bsp.a(alt_malloc_lock.o)
 .sdata         0x00114e58       0x74 ../bsp//libucosii_bsp.a(os_dbg.o)
                0x00114e58                OSDebugEn
                0x00114e5c                OSEndiannessTest
                0x00114e60                OSEventEn
                0x00114e62                OSEventMax
                0x00114e64                OSEventNameSize
                0x00114e66                OSEventSize
                0x00114e68                OSEventTblSize
                0x00114e6a                OSEventMultiEn
                0x00114e6c                OSFlagEn
                0x00114e6e                OSFlagGrpSize
                0x00114e70                OSFlagNodeSize
                0x00114e72                OSFlagWidth
                0x00114e74                OSFlagMax
                0x00114e76                OSFlagNameSize
                0x00114e78                OSLowestPrio
                0x00114e7a                OSMboxEn
                0x00114e7c                OSMemEn
                0x00114e7e                OSMemMax
                0x00114e80                OSMemNameSize
                0x00114e82                OSMemSize
                0x00114e84                OSMemTblSize
                0x00114e86                OSMutexEn
                0x00114e88                OSPtrSize
                0x00114e8a                OSQEn
                0x00114e8c                OSQMax
                0x00114e8e                OSQSize
                0x00114e90                OSRdyTblSize
                0x00114e92                OSSemEn
                0x00114e94                OSStkWidth
                0x00114e96                OSTaskCreateEn
                0x00114e98                OSTaskCreateExtEn
                0x00114e9a                OSTaskDelEn
                0x00114e9c                OSTaskIdleStkSize
                0x00114e9e                OSTaskProfileEn
                0x00114ea0                OSTaskMax
                0x00114ea2                OSTaskNameSize
                0x00114ea4                OSTaskStatEn
                0x00114ea6                OSTaskStatStkSize
                0x00114ea8                OSTaskStatStkChkEn
                0x00114eaa                OSTaskSwHookEn
                0x00114eac                OSTCBPrioTblMax
                0x00114eae                OSTCBSize
                0x00114eb0                OSTicksPerSec
                0x00114eb2                OSTimeTickHookEn
                0x00114eb4                OSVersionNbr
                0x00114eb6                OSTmrEn
                0x00114eb8                OSTmrCfgMax
                0x00114eba                OSTmrCfgNameSize
                0x00114ebc                OSTmrCfgWheelSize
                0x00114ebe                OSTmrCfgTicksPerSec
                0x00114ec0                OSTmrSize
                0x00114ec2                OSTmrTblSize
                0x00114ec4                OSTmrWheelSize
                0x00114ec6                OSTmrWheelTblSize
                0x00114ec8                OSDataSize
 .sdata         0x00114ecc        0x4 ../bsp//libucosii_bsp.a(alt_irq_vars.o)
                0x00114ecc                alt_priority_mask
 *(.sdata2 .sdata2.* .gnu.linkonce.s2.*)
                0x00114ed0                . = ALIGN (0x4)
                0x00114ed0                _edata = ABSOLUTE (.)
                0x00114ed0                PROVIDE (edata, ABSOLUTE (.))
                0x00114ed0                PROVIDE (__ram_rwdata_end, ABSOLUTE (.))
                0x00114ed0                PROVIDE (__flash_rwdata_start, LOADADDR (.rwdata))

.bss            0x00116a0c    0x14168
                0x00116a0c                __bss_start = ABSOLUTE (.)
                0x00116a0c                PROVIDE (__sbss_start, ABSOLUTE (.))
                0x00116a0c                PROVIDE (___sbss_start, ABSOLUTE (.))
 *(.dynsbss)
 *(.sbss .sbss.* .gnu.linkonce.sb.*)
 .sbss          0x00116a0c       0x14 obj/default/cruise_skeleton.o
                0x00116a0c                led_green
                0x00116a10                led_red
                0x00116a14                red_leds
                0x00116a18                green_leds
                0x00116a1c                overload_sleep
 .sbss          0x00116a20       0x5c obj/default/cruise_skeleton.o
                0x00116a20                Mbox_Gas
                0x00116a24                Mbox_Throttle
                0x00116a28                Mbox_Velocity
                0x00116a2c                Mbox_Cruise
                0x00116a30                timer_overload
                0x00116a34                timer_switch
                0x00116a38                sem_watchdog
                0x00116a3c                sem_overload_ok
                0x00116a40                timer_button
                0x00116a44                sem_vehicle
                0x00116a48                Mbox_Engine
                0x00116a4c                timer_vehicle
                0x00116a50                timer_control
                0x00116a54                Mbox_TopGear
                0x00116a58                delay
                0x00116a5c                timer_overloadmaker
                0x00116a60                sem_overload
                0x00116a64                sem_control
                0x00116a68                Mbox_Brake
                0x00116a6c                sem_overload_maker
                0x00116a70                sem_button
                0x00116a74                sem_switch
                0x00116a78                timer_watchdog
 .sbss          0x00116a7c        0xc /opt/altera/13.0sp1/nios2eds/bin/gnu/H-i686-pc-linux-gnu/bin/../lib/gcc/nios2-elf/4.1.2/../../../../nios2-elf/lib/mno-hw-mul/libc.a(lib_a-locale.o)
                0x00116a7c                __nlocale_changed
                0x00116a80                __mlocale_changed
                0x00116a84                _PathLocale
 .sbss          0x00116a88        0xc /opt/altera/13.0sp1/nios2eds/bin/gnu/H-i686-pc-linux-gnu/bin/../lib/gcc/nios2-elf/4.1.2/../../../../nios2-elf/lib/mno-hw-mul/libc.a(lib_a-mallocr.o)
                0x00116a88                __malloc_top_pad
                0x00116a8c                __malloc_max_sbrked_mem
                0x00116a90                __malloc_max_total_mem
 .sbss          0x00116a94        0x4 /opt/altera/13.0sp1/nios2eds/bin/gnu/H-i686-pc-linux-gnu/bin/../lib/gcc/nios2-elf/4.1.2/../../../../nios2-elf/lib/mno-hw-mul/libc.a(lib_a-int_errno.o)
                0x00116a94                errno
 .sbss          0x00116a98        0x4 ../bsp//libucosii_bsp.a(alt_dev.o)
                0x00116a98                alt_fd_list_lock
 .sbss          0x00116a9c        0xc ../bsp//libucosii_bsp.a(alt_main.o)
                0x00116a9c                alt_argc
                0x00116aa0                alt_argv
                0x00116aa4                alt_envp
 .sbss          0x00116aa8        0x8 ../bsp//libucosii_bsp.a(alt_tick.o)
                0x00116aa8                _alt_tick_rate
                0x00116aac                _alt_nticks
 .sbss          0x00116ab0        0x8 ../bsp//libucosii_bsp.a(alt_env_lock.o)
                0x00116ab4                alt_envsem
 .sbss          0x00116ab8        0x8 ../bsp//libucosii_bsp.a(alt_malloc_lock.o)
                0x00116abc                alt_heapsem
 .sbss          0x00116ac0       0x68 ../bsp//libucosii_bsp.a(os_core.o)
                0x00116ac0                OSTmrFreeList
                0x00116ac4                OSLockNesting
                0x00116ac8                OSTmrSemSignal
                0x00116acc                OSRunning
                0x00116ad0                OSIdleCtr
                0x00116ad4                OSTmrUsed
                0x00116ad6                OSPrioHighRdy
                0x00116ad7                OSPrioCur
                0x00116ad8                OSTCBList
                0x00116adc                OSTickStepState
                0x00116ae0                OSCtxSwCtr
                0x00116ae4                OSTmrFree
                0x00116ae8                OSIdleCtrMax
                0x00116aec                OSTCBFreeList
                0x00116af0                OSCPUUsage
                0x00116af1                OSTaskCtr
                0x00116af4                OSMemFreeList
                0x00116af8                OSTCBHighRdy
                0x00116afc                OSQFreeList
                0x00116b00                OSRdyGrp
                0x00116b01                OSRdyTbl
                0x00116b04                OSEventFreeList
                0x00116b08                OSIntNesting
                0x00116b0c                OSTCBCur
                0x00116b10                OSTmrTime
                0x00116b14                OSTime
                0x00116b18                OSTmrSem
                0x00116b1c                OSFlagFreeList
                0x00116b20                OSStatRdy
                0x00116b24                OSIdleCtrRun
 .sbss          0x00116b28        0x4 ../bsp//libucosii_bsp.a(alt_irq_vars.o)
                0x00116b28                alt_irq_active
 .sbss          0x00116b2c        0x2 ../bsp//libucosii_bsp.a(os_cpu_c.o)
 *(.sbss2 .sbss2.* .gnu.linkonce.sb2.*)
 *(.scommon)
                0x00116b2e                PROVIDE (__sbss_end, ABSOLUTE (.))
                0x00116b2e                PROVIDE (___sbss_end, ABSOLUTE (.))
 *(.dynbss)
 *(.bss .bss.* .gnu.linkonce.b.*)
 .bss           0x00116b2e        0x0 ../bsp//obj/HAL/src/crt0.o
 *fill*         0x00116b2e        0x2 00
 .bss           0x00116b30       0x18 obj/default/cruise_skeleton.o
 .bss           0x00116b48        0x0 /opt/altera/13.0sp1/nios2eds/bin/gnu/H-i686-pc-linux-gnu/bin/../lib/gcc/nios2-elf/4.1.2/mno-hw-mul/libgcc.a(_mul_sf.o)
 .bss           0x00116b48        0x0 /opt/altera/13.0sp1/nios2eds/bin/gnu/H-i686-pc-linux-gnu/bin/../lib/gcc/nios2-elf/4.1.2/mno-hw-mul/libgcc.a(_div_sf.o)
 .bss           0x00116b48        0x0 /opt/altera/13.0sp1/nios2eds/bin/gnu/H-i686-pc-linux-gnu/bin/../lib/gcc/nios2-elf/4.1.2/mno-hw-mul/libgcc.a(_si_to_sf.o)
 .bss           0x00116b48        0x0 /opt/altera/13.0sp1/nios2eds/bin/gnu/H-i686-pc-linux-gnu/bin/../lib/gcc/nios2-elf/4.1.2/mno-hw-mul/libgcc.a(_sf_to_si.o)
 .bss           0x00116b48        0x0 /opt/altera/13.0sp1/nios2eds/bin/gnu/H-i686-pc-linux-gnu/bin/../lib/gcc/nios2-elf/4.1.2/mno-hw-mul/libgcc.a(_thenan_sf.o)
 .bss           0x00116b48        0x0 /opt/altera/13.0sp1/nios2eds/bin/gnu/H-i686-pc-linux-gnu/bin/../lib/gcc/nios2-elf/4.1.2/mno-hw-mul/libgcc.a(_addsub_df.o)
 .bss           0x00116b48        0x0 /opt/altera/13.0sp1/nios2eds/bin/gnu/H-i686-pc-linux-gnu/bin/../lib/gcc/nios2-elf/4.1.2/mno-hw-mul/libgcc.a(_div_df.o)
 .bss           0x00116b48        0x0 /opt/altera/13.0sp1/nios2eds/bin/gnu/H-i686-pc-linux-gnu/bin/../lib/gcc/nios2-elf/4.1.2/mno-hw-mul/libgcc.a(_si_to_df.o)
 .bss           0x00116b48        0x0 /opt/altera/13.0sp1/nios2eds/bin/gnu/H-i686-pc-linux-gnu/bin/../lib/gcc/nios2-elf/4.1.2/mno-hw-mul/libgcc.a(_df_to_si.o)
 .bss           0x00116b48        0x0 /opt/altera/13.0sp1/nios2eds/bin/gnu/H-i686-pc-linux-gnu/bin/../lib/gcc/nios2-elf/4.1.2/mno-hw-mul/libgcc.a(_thenan_df.o)
 .bss           0x00116b48        0x0 /opt/altera/13.0sp1/nios2eds/bin/gnu/H-i686-pc-linux-gnu/bin/../lib/gcc/nios2-elf/4.1.2/mno-hw-mul/libgcc.a(lib2-divmod.o)
 .bss           0x00116b48        0x0 /opt/altera/13.0sp1/nios2eds/bin/gnu/H-i686-pc-linux-gnu/bin/../lib/gcc/nios2-elf/4.1.2/mno-hw-mul/libgcc.a(lib2-mul.o)
 .bss           0x00116b48        0x0 /opt/altera/13.0sp1/nios2eds/bin/gnu/H-i686-pc-linux-gnu/bin/../lib/gcc/nios2-elf/4.1.2/mno-hw-mul/libgcc.a(_muldi3.o)
 .bss           0x00116b48        0x0 /opt/altera/13.0sp1/nios2eds/bin/gnu/H-i686-pc-linux-gnu/bin/../lib/gcc/nios2-elf/4.1.2/mno-hw-mul/libgcc.a(_clzsi2.o)
 .bss           0x00116b48        0x0 /opt/altera/13.0sp1/nios2eds/bin/gnu/H-i686-pc-linux-gnu/bin/../lib/gcc/nios2-elf/4.1.2/mno-hw-mul/libgcc.a(_pack_sf.o)
 .bss           0x00116b48        0x0 /opt/altera/13.0sp1/nios2eds/bin/gnu/H-i686-pc-linux-gnu/bin/../lib/gcc/nios2-elf/4.1.2/mno-hw-mul/libgcc.a(_unpack_sf.o)
 .bss           0x00116b48        0x0 /opt/altera/13.0sp1/nios2eds/bin/gnu/H-i686-pc-linux-gnu/bin/../lib/gcc/nios2-elf/4.1.2/mno-hw-mul/libgcc.a(_pack_df.o)
 .bss           0x00116b48        0x0 /opt/altera/13.0sp1/nios2eds/bin/gnu/H-i686-pc-linux-gnu/bin/../lib/gcc/nios2-elf/4.1.2/mno-hw-mul/libgcc.a(_unpack_df.o)
 .bss           0x00116b48        0x0 /opt/altera/13.0sp1/nios2eds/bin/gnu/H-i686-pc-linux-gnu/bin/../lib/gcc/nios2-elf/4.1.2/mno-hw-mul/libgcc.a(_clz.o)
 .bss           0x00116b48        0x0 /opt/altera/13.0sp1/nios2eds/bin/gnu/H-i686-pc-linux-gnu/bin/../lib/gcc/nios2-elf/4.1.2/../../../../nios2-elf/lib/mno-hw-mul/libc.a(lib_a-printf.o)
 .bss           0x00116b48        0x0 /opt/altera/13.0sp1/nios2eds/bin/gnu/H-i686-pc-linux-gnu/bin/../lib/gcc/nios2-elf/4.1.2/../../../../nios2-elf/lib/mno-hw-mul/libc.a(lib_a-puts.o)
 .bss           0x00116b48        0x0 /opt/altera/13.0sp1/nios2eds/bin/gnu/H-i686-pc-linux-gnu/bin/../lib/gcc/nios2-elf/4.1.2/../../../../nios2-elf/lib/mno-hw-mul/libc.a(lib_a-strlen.o)
 .bss           0x00116b48        0x0 /opt/altera/13.0sp1/nios2eds/bin/gnu/H-i686-pc-linux-gnu/bin/../lib/gcc/nios2-elf/4.1.2/../../../../nios2-elf/lib/mno-hw-mul/libc.a(lib_a-vfprintf.o)
 .bss           0x00116b48        0x0 /opt/altera/13.0sp1/nios2eds/bin/gnu/H-i686-pc-linux-gnu/bin/../lib/gcc/nios2-elf/4.1.2/../../../../nios2-elf/lib/mno-hw-mul/libc.a(lib_a-wsetup.o)
 .bss           0x00116b48        0x0 /opt/altera/13.0sp1/nios2eds/bin/gnu/H-i686-pc-linux-gnu/bin/../lib/gcc/nios2-elf/4.1.2/../../../../nios2-elf/lib/mno-hw-mul/libc.a(lib_a-dtoa.o)
 .bss           0x00116b48        0x0 /opt/altera/13.0sp1/nios2eds/bin/gnu/H-i686-pc-linux-gnu/bin/../lib/gcc/nios2-elf/4.1.2/../../../../nios2-elf/lib/mno-hw-mul/libc.a(lib_a-fflush.o)
 .bss           0x00116b48        0x0 /opt/altera/13.0sp1/nios2eds/bin/gnu/H-i686-pc-linux-gnu/bin/../lib/gcc/nios2-elf/4.1.2/../../../../nios2-elf/lib/mno-hw-mul/libc.a(lib_a-findfp.o)
 .bss           0x00116b48        0x0 /opt/altera/13.0sp1/nios2eds/bin/gnu/H-i686-pc-linux-gnu/bin/../lib/gcc/nios2-elf/4.1.2/../../../../nios2-elf/lib/mno-hw-mul/libc.a(lib_a-freer.o)
 .bss           0x00116b48        0x0 /opt/altera/13.0sp1/nios2eds/bin/gnu/H-i686-pc-linux-gnu/bin/../lib/gcc/nios2-elf/4.1.2/../../../../nios2-elf/lib/mno-hw-mul/libc.a(lib_a-fvwrite.o)
 .bss           0x00116b48        0x0 /opt/altera/13.0sp1/nios2eds/bin/gnu/H-i686-pc-linux-gnu/bin/../lib/gcc/nios2-elf/4.1.2/../../../../nios2-elf/lib/mno-hw-mul/libc.a(lib_a-fwalk.o)
 .bss           0x00116b48        0x0 /opt/altera/13.0sp1/nios2eds/bin/gnu/H-i686-pc-linux-gnu/bin/../lib/gcc/nios2-elf/4.1.2/../../../../nios2-elf/lib/mno-hw-mul/libc.a(lib_a-impure.o)
 .bss           0x00116b48        0x0 /opt/altera/13.0sp1/nios2eds/bin/gnu/H-i686-pc-linux-gnu/bin/../lib/gcc/nios2-elf/4.1.2/../../../../nios2-elf/lib/mno-hw-mul/libc.a(lib_a-locale.o)
 .bss           0x00116b48        0x0 /opt/altera/13.0sp1/nios2eds/bin/gnu/H-i686-pc-linux-gnu/bin/../lib/gcc/nios2-elf/4.1.2/../../../../nios2-elf/lib/mno-hw-mul/libc.a(lib_a-makebuf.o)
 .bss           0x00116b48       0x28 /opt/altera/13.0sp1/nios2eds/bin/gnu/H-i686-pc-linux-gnu/bin/../lib/gcc/nios2-elf/4.1.2/../../../../nios2-elf/lib/mno-hw-mul/libc.a(lib_a-mallocr.o)
                0x00116b48                __malloc_current_mallinfo
 .bss           0x00116b70        0x0 /opt/altera/13.0sp1/nios2eds/bin/gnu/H-i686-pc-linux-gnu/bin/../lib/gcc/nios2-elf/4.1.2/../../../../nios2-elf/lib/mno-hw-mul/libc.a(lib_a-memchr.o)
 .bss           0x00116b70        0x0 /opt/altera/13.0sp1/nios2eds/bin/gnu/H-i686-pc-linux-gnu/bin/../lib/gcc/nios2-elf/4.1.2/../../../../nios2-elf/lib/mno-hw-mul/libc.a(lib_a-memcpy.o)
 .bss           0x00116b70        0x0 /opt/altera/13.0sp1/nios2eds/bin/gnu/H-i686-pc-linux-gnu/bin/../lib/gcc/nios2-elf/4.1.2/../../../../nios2-elf/lib/mno-hw-mul/libc.a(lib_a-memmove.o)
 .bss           0x00116b70        0x0 /opt/altera/13.0sp1/nios2eds/bin/gnu/H-i686-pc-linux-gnu/bin/../lib/gcc/nios2-elf/4.1.2/../../../../nios2-elf/lib/mno-hw-mul/libc.a(lib_a-memset.o)
 .bss           0x00116b70        0x0 /opt/altera/13.0sp1/nios2eds/bin/gnu/H-i686-pc-linux-gnu/bin/../lib/gcc/nios2-elf/4.1.2/../../../../nios2-elf/lib/mno-hw-mul/libc.a(lib_a-mprec.o)
 .bss           0x00116b70        0x0 /opt/altera/13.0sp1/nios2eds/bin/gnu/H-i686-pc-linux-gnu/bin/../lib/gcc/nios2-elf/4.1.2/../../../../nios2-elf/lib/mno-hw-mul/libc.a(lib_a-reallocr.o)
 .bss           0x00116b70        0x0 /opt/altera/13.0sp1/nios2eds/bin/gnu/H-i686-pc-linux-gnu/bin/../lib/gcc/nios2-elf/4.1.2/../../../../nios2-elf/lib/mno-hw-mul/libc.a(lib_a-s_isinfd.o)
 .bss           0x00116b70        0x0 /opt/altera/13.0sp1/nios2eds/bin/gnu/H-i686-pc-linux-gnu/bin/../lib/gcc/nios2-elf/4.1.2/../../../../nios2-elf/lib/mno-hw-mul/libc.a(lib_a-s_isnand.o)
 .bss           0x00116b70        0x0 /opt/altera/13.0sp1/nios2eds/bin/gnu/H-i686-pc-linux-gnu/bin/../lib/gcc/nios2-elf/4.1.2/../../../../nios2-elf/lib/mno-hw-mul/libc.a(lib_a-sbrkr.o)
 .bss           0x00116b70        0x0 /opt/altera/13.0sp1/nios2eds/bin/gnu/H-i686-pc-linux-gnu/bin/../lib/gcc/nios2-elf/4.1.2/../../../../nios2-elf/lib/mno-hw-mul/libc.a(lib_a-stdio.o)
 .bss           0x00116b70        0x0 /opt/altera/13.0sp1/nios2eds/bin/gnu/H-i686-pc-linux-gnu/bin/../lib/gcc/nios2-elf/4.1.2/../../../../nios2-elf/lib/mno-hw-mul/libc.a(lib_a-strcmp.o)
 .bss           0x00116b70        0x0 /opt/altera/13.0sp1/nios2eds/bin/gnu/H-i686-pc-linux-gnu/bin/../lib/gcc/nios2-elf/4.1.2/../../../../nios2-elf/lib/mno-hw-mul/libc.a(lib_a-writer.o)
 .bss           0x00116b70        0x0 /opt/altera/13.0sp1/nios2eds/bin/gnu/H-i686-pc-linux-gnu/bin/../lib/gcc/nios2-elf/4.1.2/../../../../nios2-elf/lib/mno-hw-mul/libc.a(lib_a-callocr.o)
 .bss           0x00116b70        0x0 /opt/altera/13.0sp1/nios2eds/bin/gnu/H-i686-pc-linux-gnu/bin/../lib/gcc/nios2-elf/4.1.2/../../../../nios2-elf/lib/mno-hw-mul/libc.a(lib_a-closer.o)
 .bss           0x00116b70        0x0 /opt/altera/13.0sp1/nios2eds/bin/gnu/H-i686-pc-linux-gnu/bin/../lib/gcc/nios2-elf/4.1.2/../../../../nios2-elf/lib/mno-hw-mul/libc.a(lib_a-fclose.o)
 .bss           0x00116b70        0x0 /opt/altera/13.0sp1/nios2eds/bin/gnu/H-i686-pc-linux-gnu/bin/../lib/gcc/nios2-elf/4.1.2/../../../../nios2-elf/lib/mno-hw-mul/libc.a(lib_a-fstatr.o)
 .bss           0x00116b70        0x0 /opt/altera/13.0sp1/nios2eds/bin/gnu/H-i686-pc-linux-gnu/bin/../lib/gcc/nios2-elf/4.1.2/../../../../nios2-elf/lib/mno-hw-mul/libc.a(lib_a-int_errno.o)
 .bss           0x00116b70        0x0 /opt/altera/13.0sp1/nios2eds/bin/gnu/H-i686-pc-linux-gnu/bin/../lib/gcc/nios2-elf/4.1.2/../../../../nios2-elf/lib/mno-hw-mul/libc.a(lib_a-isattyr.o)
 .bss           0x00116b70        0x0 /opt/altera/13.0sp1/nios2eds/bin/gnu/H-i686-pc-linux-gnu/bin/../lib/gcc/nios2-elf/4.1.2/../../../../nios2-elf/lib/mno-hw-mul/libc.a(lib_a-lseekr.o)
 .bss           0x00116b70        0x0 /opt/altera/13.0sp1/nios2eds/bin/gnu/H-i686-pc-linux-gnu/bin/../lib/gcc/nios2-elf/4.1.2/../../../../nios2-elf/lib/mno-hw-mul/libc.a(lib_a-readr.o)
 .bss           0x00116b70        0x0 /opt/altera/13.0sp1/nios2eds/bin/gnu/H-i686-pc-linux-gnu/bin/../lib/gcc/nios2-elf/4.1.2/mno-hw-mul/libgcc.a(_udivdi3.o)
 .bss           0x00116b70        0x0 /opt/altera/13.0sp1/nios2eds/bin/gnu/H-i686-pc-linux-gnu/bin/../lib/gcc/nios2-elf/4.1.2/mno-hw-mul/libgcc.a(_umoddi3.o)
 .bss           0x00116b70        0x0 /opt/altera/13.0sp1/nios2eds/bin/gnu/H-i686-pc-linux-gnu/bin/../lib/gcc/nios2-elf/4.1.2/mno-hw-mul/libgcc.a(_mul_df.o)
 .bss           0x00116b70        0x0 /opt/altera/13.0sp1/nios2eds/bin/gnu/H-i686-pc-linux-gnu/bin/../lib/gcc/nios2-elf/4.1.2/mno-hw-mul/libgcc.a(_eq_df.o)
 .bss           0x00116b70        0x0 /opt/altera/13.0sp1/nios2eds/bin/gnu/H-i686-pc-linux-gnu/bin/../lib/gcc/nios2-elf/4.1.2/mno-hw-mul/libgcc.a(_ne_df.o)
 .bss           0x00116b70        0x0 /opt/altera/13.0sp1/nios2eds/bin/gnu/H-i686-pc-linux-gnu/bin/../lib/gcc/nios2-elf/4.1.2/mno-hw-mul/libgcc.a(_gt_df.o)
 .bss           0x00116b70        0x0 /opt/altera/13.0sp1/nios2eds/bin/gnu/H-i686-pc-linux-gnu/bin/../lib/gcc/nios2-elf/4.1.2/mno-hw-mul/libgcc.a(_ge_df.o)
 .bss           0x00116b70        0x0 /opt/altera/13.0sp1/nios2eds/bin/gnu/H-i686-pc-linux-gnu/bin/../lib/gcc/nios2-elf/4.1.2/mno-hw-mul/libgcc.a(_lt_df.o)
 .bss           0x00116b70        0x0 /opt/altera/13.0sp1/nios2eds/bin/gnu/H-i686-pc-linux-gnu/bin/../lib/gcc/nios2-elf/4.1.2/mno-hw-mul/libgcc.a(_usi_to_df.o)
 .bss           0x00116b70        0x0 /opt/altera/13.0sp1/nios2eds/bin/gnu/H-i686-pc-linux-gnu/bin/../lib/gcc/nios2-elf/4.1.2/mno-hw-mul/libgcc.a(_fpcmp_parts_df.o)
 .bss           0x00116b70        0x0 ../bsp//libucosii_bsp.a(alt_alarm_start.o)
 .bss           0x00116b70        0x0 ../bsp//libucosii_bsp.a(alt_close.o)
 .bss           0x00116b70        0x0 ../bsp//libucosii_bsp.a(alt_dev.o)
 .bss           0x00116b70        0x0 ../bsp//libucosii_bsp.a(alt_errno.o)
 .bss           0x00116b70        0x0 ../bsp//libucosii_bsp.a(alt_fstat.o)
 .bss           0x00116b70        0x0 ../bsp//libucosii_bsp.a(alt_isatty.o)
 .bss           0x00116b70        0x0 ../bsp//libucosii_bsp.a(alt_load.o)
 .bss           0x00116b70        0x0 ../bsp//libucosii_bsp.a(alt_lseek.o)
 .bss           0x00116b70        0x0 ../bsp//libucosii_bsp.a(alt_main.o)
 .bss           0x00116b70        0x0 ../bsp//libucosii_bsp.a(alt_read.o)
 .bss           0x00116b70        0x0 ../bsp//libucosii_bsp.a(alt_release_fd.o)
 .bss           0x00116b70        0x0 ../bsp//libucosii_bsp.a(alt_sbrk.o)
 .bss           0x00116b70        0x0 ../bsp//libucosii_bsp.a(alt_tick.o)
 .bss           0x00116b70        0x0 ../bsp//libucosii_bsp.a(alt_write.o)
 .bss           0x00116b70        0x0 ../bsp//libucosii_bsp.a(alt_env_lock.o)
 .bss           0x00116b70        0x0 ../bsp//libucosii_bsp.a(alt_malloc_lock.o)
 .bss           0x00116b70        0x0 ../bsp//libucosii_bsp.a(os_core.o)
 .bss           0x00116b70        0x0 ../bsp//libucosii_bsp.a(os_dbg.o)
 .bss           0x00116b70        0x0 ../bsp//libucosii_bsp.a(os_flag.o)
 .bss           0x00116b70        0x0 ../bsp//libucosii_bsp.a(os_mbox.o)
 .bss           0x00116b70        0x0 ../bsp//libucosii_bsp.a(os_mem.o)
 .bss           0x00116b70        0x0 ../bsp//libucosii_bsp.a(os_q.o)
 .bss           0x00116b70        0x0 ../bsp//libucosii_bsp.a(os_sem.o)
 .bss           0x00116b70        0x0 ../bsp//libucosii_bsp.a(os_task.o)
 .bss           0x00116b70        0x0 ../bsp//libucosii_bsp.a(os_time.o)
 .bss           0x00116b70        0x0 ../bsp//libucosii_bsp.a(os_tmr.o)
 .bss           0x00116b70        0x0 ../bsp//libucosii_bsp.a(alt_sys_init.o)
 .bss           0x00116b70        0x0 ../bsp//libucosii_bsp.a(altera_avalon_jtag_uart_fd.o)
 .bss           0x00116b70        0x0 ../bsp//libucosii_bsp.a(altera_avalon_jtag_uart_init.o)
 .bss           0x00116b70        0x0 ../bsp//libucosii_bsp.a(altera_avalon_jtag_uart_ioctl.o)
 .bss           0x00116b70        0x0 ../bsp//libucosii_bsp.a(altera_avalon_jtag_uart_read.o)
 .bss           0x00116b70        0x0 ../bsp//libucosii_bsp.a(altera_avalon_jtag_uart_write.o)
 .bss           0x00116b70        0x0 ../bsp//libucosii_bsp.a(altera_avalon_timer_sc.o)
 .bss           0x00116b70        0x0 ../bsp//libucosii_bsp.a(altera_up_avalon_character_lcd.o)
 .bss           0x00116b70        0x0 ../bsp//libucosii_bsp.a(alt_dcache_flush_all.o)
 .bss           0x00116b70        0x0 ../bsp//libucosii_bsp.a(alt_dev_llist_insert.o)
 .bss           0x00116b70        0x0 ../bsp//libucosii_bsp.a(alt_do_ctors.o)
 .bss           0x00116b70        0x0 ../bsp//libucosii_bsp.a(alt_do_dtors.o)
 .bss           0x00116b70        0x0 ../bsp//libucosii_bsp.a(alt_find_dev.o)
 .bss           0x00116b70        0x0 ../bsp//libucosii_bsp.a(alt_icache_flush_all.o)
 .bss           0x00116b70        0x0 ../bsp//libucosii_bsp.a(alt_iic.o)
 .bss           0x00116b70        0x0 ../bsp//libucosii_bsp.a(alt_iic_isr_register.o)
 .bss           0x00116b70        0x0 ../bsp//libucosii_bsp.a(alt_io_redirect.o)
 .bss           0x00116b70        0x0 ../bsp//libucosii_bsp.a(alt_irq_entry.o)
 .bss           0x00116b70        0x0 ../bsp//libucosii_bsp.a(alt_irq_handler.o)
 .bss           0x00116b70        0x0 ../bsp//libucosii_bsp.a(alt_irq_vars.o)
 .bss           0x00116b70        0x0 ../bsp//libucosii_bsp.a(alt_open.o)
 .bss           0x00116b70        0x0 ../bsp//libucosii_bsp.a(altera_nios2_qsys_irq.o)
 .bss           0x00116b70        0x0 ../bsp//libucosii_bsp.a(os_cpu_a.o)
 .bss           0x00116b70        0x0 ../bsp//libucosii_bsp.a(os_cpu_c.o)
 .bss           0x00116b70        0x0 ../bsp//libucosii_bsp.a(alt_exception_entry.o)
 .bss           0x00116b70        0x0 ../bsp//libucosii_bsp.a(alt_find_file.o)
 .bss           0x00116b70        0x0 ../bsp//libucosii_bsp.a(alt_get_fd.o)
 .bss           0x00116b70        0x0 /opt/altera/13.0sp1/nios2eds/bin/gnu/H-i686-pc-linux-gnu/bin/../lib/gcc/nios2-elf/4.1.2/../../../../nios2-elf/lib/mno-hw-mul/libc.a(lib_a-atexit.o)
 .bss           0x00116b70        0x0 /opt/altera/13.0sp1/nios2eds/bin/gnu/H-i686-pc-linux-gnu/bin/../lib/gcc/nios2-elf/4.1.2/../../../../nios2-elf/lib/mno-hw-mul/libc.a(lib_a-exit.o)
 .bss           0x00116b70        0x0 /opt/altera/13.0sp1/nios2eds/bin/gnu/H-i686-pc-linux-gnu/bin/../lib/gcc/nios2-elf/4.1.2/../../../../nios2-elf/lib/mno-hw-mul/libc.a(lib_a-memcmp.o)
 .bss           0x00116b70        0x0 /opt/altera/13.0sp1/nios2eds/bin/gnu/H-i686-pc-linux-gnu/bin/../lib/gcc/nios2-elf/4.1.2/../../../../nios2-elf/lib/mno-hw-mul/libc.a(lib_a-__atexit.o)
 .bss           0x00116b70        0x0 /opt/altera/13.0sp1/nios2eds/bin/gnu/H-i686-pc-linux-gnu/bin/../lib/gcc/nios2-elf/4.1.2/../../../../nios2-elf/lib/mno-hw-mul/libc.a(lib_a-__call_atexit.o)
 .bss           0x00116b70        0x0 /opt/altera/13.0sp1/nios2eds/bin/gnu/H-i686-pc-linux-gnu/bin/../lib/gcc/nios2-elf/4.1.2/mno-hw-mul/libgcc.a(_fixunsdfsi.o)
 .bss           0x00116b70        0x0 ../bsp//libucosii_bsp.a(alt_exit.o)
 *(COMMON)
 COMMON         0x00116b70    0x10000 obj/default/cruise_skeleton.o
                0x00116b70                ControlTask_Stack
                0x00118b70                OverloadDetectionTask_Stack
                0x0011ab70                VehicleTask_Stack
                0x0011cb70                SwitchIOTask_Stack
                0x0011eb70                ButtonIOTask_Stack
                0x00120b70                StartTask_Stack
                0x00122b70                WatchdogTask_Stack
                0x00124b70                OverloadMakerTask_Stack
 COMMON         0x00126b70     0x3d74 ../bsp//libucosii_bsp.a(os_core.o)
                0x00126b70                OSTmrWheelTbl
                0x00126b80                OSFlagTbl
                0x00126ef0                OSTmrTbl
                0x00127230                OSMemTbl
                0x00127e60                OSTaskStatStk
                0x00128660                OSQTbl
                0x00128840                OSTmrTaskStk
                0x00129040                OSTaskIdleStk
                0x00129840                OSEventTbl
                0x0012a380                OSTCBTbl
                0x0012a890                OSTCBPrioTbl
 COMMON         0x0012a8e4      0x100 ../bsp//libucosii_bsp.a(alt_irq_handler.o)
                0x0012a8e4                alt_irq
 COMMON         0x0012a9e4      0x190 /opt/altera/13.0sp1/nios2eds/bin/gnu/H-i686-pc-linux-gnu/bin/../lib/gcc/nios2-elf/4.1.2/../../../../nios2-elf/lib/mno-hw-mul/libc.a(lib_a-atexit.o)
                0x0012a9e4                _atexit0
                0x0012ab74                . = ALIGN (0x4)
                0x0012ab74                __bss_end = ABSOLUTE (.)

.onchip_memory  0x00000000        0x0 load address 0x0012ab74
                0x00000000                PROVIDE (_alt_partition_onchip_memory_start, ABSOLUTE (.))
 *(.onchip_memory. onchip_memory.*)
                0x00000000                . = ALIGN (0x4)
                0x00000000                PROVIDE (_alt_partition_onchip_memory_end, ABSOLUTE (.))
                0x0012ab74                PROVIDE (_alt_partition_onchip_memory_load_addr, LOADADDR (.onchip_memory))

.sram           0x0012ab74        0x0
                0x0012ab74                PROVIDE (_alt_partition_sram_start, ABSOLUTE (.))
 *(.sram. sram.*)
                0x0012ab74                . = ALIGN (0x4)
                0x0012ab74                PROVIDE (_alt_partition_sram_end, ABSOLUTE (.))
                0x0012ab74                _end = ABSOLUTE (.)
                0x0012ab74                end = ABSOLUTE (.)
                0x0012ab74                __alt_stack_base = ABSOLUTE (.)
                0x0012ab74                PROVIDE (_alt_partition_sram_load_addr, LOADADDR (.sram))

.sdram          0x01000144        0x0 load address 0x0012ab74
                0x01000144                PROVIDE (_alt_partition_sdram_start, ABSOLUTE (.))
 *(.sdram. sdram.*)
                0x01000144                . = ALIGN (0x4)
                0x01000144                PROVIDE (_alt_partition_sdram_end, ABSOLUTE (.))
                0x0012ab74                PROVIDE (_alt_partition_sdram_load_addr, LOADADDR (.sdram))

.stab
 *(.stab)

.stabstr
 *(.stabstr)

.stab.excl
 *(.stab.excl)

.stab.exclstr
 *(.stab.exclstr)

.stab.index
 *(.stab.index)

.stab.indexstr
 *(.stab.indexstr)

.comment        0x00000000       0x26
 *(.comment)
 .comment       0x00000000       0x26 obj/default/cruise_skeleton.o
                                 0x27 (size before relaxing)
 .comment       0x00000000       0x27 /opt/altera/13.0sp1/nios2eds/bin/gnu/H-i686-pc-linux-gnu/bin/../lib/gcc/nios2-elf/4.1.2/mno-hw-mul/libgcc.a(_mul_sf.o)
 .comment       0x00000000       0x27 /opt/altera/13.0sp1/nios2eds/bin/gnu/H-i686-pc-linux-gnu/bin/../lib/gcc/nios2-elf/4.1.2/mno-hw-mul/libgcc.a(_div_sf.o)
 .comment       0x00000000       0x27 /opt/altera/13.0sp1/nios2eds/bin/gnu/H-i686-pc-linux-gnu/bin/../lib/gcc/nios2-elf/4.1.2/mno-hw-mul/libgcc.a(_si_to_sf.o)
 .comment       0x00000000       0x27 /opt/altera/13.0sp1/nios2eds/bin/gnu/H-i686-pc-linux-gnu/bin/../lib/gcc/nios2-elf/4.1.2/mno-hw-mul/libgcc.a(_sf_to_si.o)
 .comment       0x00000000       0x27 /opt/altera/13.0sp1/nios2eds/bin/gnu/H-i686-pc-linux-gnu/bin/../lib/gcc/nios2-elf/4.1.2/mno-hw-mul/libgcc.a(_thenan_sf.o)
 .comment       0x00000000       0x27 /opt/altera/13.0sp1/nios2eds/bin/gnu/H-i686-pc-linux-gnu/bin/../lib/gcc/nios2-elf/4.1.2/mno-hw-mul/libgcc.a(_addsub_df.o)